14:02:22 **** Clean-only build of configuration Debug for project LPC1769_asm_blinky ****
make clean 
rm -rf  ./src/asm.o  LPC1769_asm_blinky.axf
 
14:02:23 **** Build of configuration Debug for project LPC1769_asm_blinky ****
make all 
Building file: ../src/asm.s
Invoking: MCU Assembler
arm-none-eabi-gcc -c -x assembler-with-cpp -D__REDLIB__  -DDEBUG -D__CODE_RED -g3 -mcpu=cortex-m3 -mthumb -o "src/asm.o" "../src/asm.s"
Finished building: ../src/asm.s
 
Building target: LPC1769_asm_blinky.axf
Invoking: MCU Linker
arm-none-eabi-gcc -nostdlib -Xlinker -Map=LPC1769_asm_blinky.map -Xlinker --gc-sections -mcpu=cortex-m3 -mthumb -T LPC1769_asm_blinky_Debug.ld -o "LPC1769_asm_blinky.axf"  ./src/asm.o   
Finished building target: LPC1769_asm_blinky.axf
 
make --no-print-directory post-build
Performing post-build steps
arm-none-eabi-size LPC1769_asm_blinky.axf; # arm-none-eabi-objcopy -O binary LPC1769_asm_blinky.axf LPC1769_asm_blinky.bin ; checksum -p LPC1768 -d LPC1769_asm_blinky.bin;
   text	   data	    bss	    dec	    hex	filename
    100	      0	      0	    100	     64	LPC1769_asm_blinky.axf
 
14:07:42 **** Incremental Build of configuration Debug for project LPC1769_asm_blinky ****
make all 
make: Nothing to be done for `all'.
14:35:07 **** Clean-only build of configuration Debug for project LPC1769_asm_basic ****
make clean 
rm -rf  ./src/asm.o  LPC1769_asm_basic.axf
 
14:35:08 **** Build of configuration Debug for project LPC1769_asm_basic ****
make all 
Building file: ../src/asm.s
Invoking: MCU Assembler
arm-none-eabi-gcc -c -x assembler-with-cpp -D__REDLIB__  -DDEBUG -D__CODE_RED -g3 -mcpu=cortex-m3 -mthumb -o "src/asm.o" "../src/asm.s"
Finished building: ../src/asm.s
 
Building target: LPC1769_asm_basic.axf
Invoking: MCU Linker
arm-none-eabi-gcc -nostdlib -Tbss 0x10004000 -Xlinker -Map=LPC1769_asm_basic.map -Xlinker --gc-sections -mcpu=cortex-m3 -mthumb -T LPC1769_asm_basic_Debug.ld -o "LPC1769_asm_basic.axf"  ./src/asm.o   
Finished building target: LPC1769_asm_basic.axf
 
make --no-print-directory post-build
Performing post-build steps
arm-none-eabi-size LPC1769_asm_basic.axf; # arm-none-eabi-objcopy -O binary LPC1769_asm_basic.axf LPC1769_asm_basic.bin ; checksum -p LPC1769 -d LPC1769_asm_basic.bin;
   text	   data	    bss	    dec	    hex	filename
     76	      0	      4	     80	     50	LPC1769_asm_basic.axf
 
14:35:15 **** Incremental Build of configuration Debug for project LPC1769_asm_basic ****
make all 
make: Nothing to be done for `all'.
14:36:57 **** Incremental Build of configuration Debug for project LPC1769_asm_basic ****
make all 
make: Nothing to be done for `all'.
14:41:42 **** Incremental Build of configuration Debug for project LPC1769_asm_basic ****
make all 
make: Nothing to be done for `all'.
14:50:12 **** Clean-only build of configuration Debug for project LPC1769_plainC_blinky ****
make clean 
rm -rf  ./src/cr_startup_lpc176x.o ./src/main.o  ./src/cr_startup_lpc176x.d ./src/main.d  LPC1769_plainC_blinky.axf
 
14:50:15 **** Build of configuration Debug for project LPC1769_plainC_blinky ****
make all 
Building file: ../src/cr_startup_lpc176x.c
Invoking: MCU C Compiler
arm-none-eabi-gcc -DDEBUG -D__REDLIB__ -O0 -Os -g3 -Wall -c -fmessage-length=0 -fno-builtin -ffunction-sections -fdata-sections -mcpu=cortex-m3 -mthumb -MMD -MP -MF"src/cr_startup_lpc176x.d" -MT"src/cr_startup_lpc176x.d" -o "src/cr_startup_lpc176x.o" "../src/cr_startup_lpc176x.c"
Finished building: ../src/cr_startup_lpc176x.c
 
Building file: ../src/main.c
Invoking: MCU C Compiler
arm-none-eabi-gcc -DDEBUG -D__REDLIB__ -O0 -g3 -Wall -c -fmessage-length=0 -fno-builtin -ffunction-sections -fdata-sections -mcpu=cortex-m3 -mthumb -MMD -MP -MF"src/main.d" -MT"src/main.d" -o "src/main.o" "../src/main.c"
Finished building: ../src/main.c
 
Building target: LPC1769_plainC_blinky.axf
Invoking: MCU Linker
arm-none-eabi-gcc -nostdlib -Xlinker -Map=LPC1769_plainC_blinky.map -Xlinker --gc-sections -mcpu=cortex-m3 -mthumb -T "LPC1769_plainC_blinky_Debug.ld" -o "LPC1769_plainC_blinky.axf"  ./src/cr_startup_lpc176x.o ./src/main.o   
Finished building target: LPC1769_plainC_blinky.axf
 
make --no-print-directory post-build
Performing post-build steps
arm-none-eabi-size LPC1769_plainC_blinky.axf; # arm-none-eabi-objcopy -O binary LPC1769_plainC_blinky.axf LPC1769_plainC_blinky.bin ; checksum -d LPC1769_plainC_blinky.bin;
   text	   data	    bss	    dec	    hex	filename
   2272	      0	    336	   2608	    a30	LPC1769_plainC_blinky.axf
 
14:50:31 **** Incremental Build of configuration Debug for project LPC1769_plainC_blinky ****
make all 
make: Nothing to be done for `all'.
16:03:56 **** Incremental Build of configuration Debug for project LPC1769_asm_basic ****
make all 
Building file: ../src/asm.s
Invoking: MCU Assembler
arm-none-eabi-gcc -c -x assembler-with-cpp -D__REDLIB__  -DDEBUG -D__CODE_RED -g3 -mcpu=cortex-m3 -mthumb -o "src/asm.o" "../src/asm.s"
Finished building: ../src/asm.s
 
Building target: LPC1769_asm_basic.axf
Invoking: MCU Linker
arm-none-eabi-gcc -nostdlib -Tbss 0x10004000 -Xlinker -Map=LPC1769_asm_basic.map -Xlinker --gc-sections -mcpu=cortex-m3 -mthumb -T LPC1769_asm_basic_Debug.ld -o "LPC1769_asm_basic.axf"  ./src/asm.o   
Finished building target: LPC1769_asm_basic.axf
 
make --no-print-directory post-build
Performing post-build steps
arm-none-eabi-size LPC1769_asm_basic.axf; # arm-none-eabi-objcopy -O binary LPC1769_asm_basic.axf LPC1769_asm_basic.bin ; checksum -p LPC1769 -d LPC1769_asm_basic.bin;
   text	   data	    bss	    dec	    hex	filename
     72	      0	      4	     76	     4c	LPC1769_asm_basic.axf
 
16:04:01 **** Incremental Build of configuration Debug for project LPC1769_asm_basic ****
make all 
make: Nothing to be done for `all'.
16:11:02 **** Incremental Build of configuration Debug for project LPC1769_asm_basic ****
make all 
make: Nothing to be done for `all'.
16:11:06 **** Incremental Build of configuration Debug for project LPC1769_asm_basic ****
make all 
make: Nothing to be done for `all'.
16:13:23 **** Incremental Build of configuration Debug for project LPC1769_asm_basic ****
make all 
Building file: ../src/asm.s
Invoking: MCU Assembler
arm-none-eabi-gcc -c -x assembler-with-cpp -D__REDLIB__  -DDEBUG -D__CODE_RED -g3 -mcpu=cortex-m3 -mthumb -o "src/asm.o" "../src/asm.s"
Finished building: ../src/asm.s
 
Building target: LPC1769_asm_basic.axf
Invoking: MCU Linker
arm-none-eabi-gcc -nostdlib -Tbss 0x10004000 -Xlinker -Map=LPC1769_asm_basic.map -Xlinker --gc-sections -mcpu=cortex-m3 -mthumb -T LPC1769_asm_basic_Debug.ld -o "LPC1769_asm_basic.axf"  ./src/asm.o   
Finished building target: LPC1769_asm_basic.axf
 
make --no-print-directory post-build
Performing post-build steps
arm-none-eabi-size LPC1769_asm_basic.axf; # arm-none-eabi-objcopy -O binary LPC1769_asm_basic.axf LPC1769_asm_basic.bin ; checksum -p LPC1769 -d LPC1769_asm_basic.bin;
   text	   data	    bss	    dec	    hex	filename
     72	      0	      4	     76	     4c	LPC1769_asm_basic.axf
 
16:13:27 **** Incremental Build of configuration Debug for project LPC1769_asm_basic ****
make all 
make: Nothing to be done for `all'.
16:13:47 **** Incremental Build of configuration Debug for project LPC1769_asm_basic ****
make all 
make: Nothing to be done for `all'.
17:17:00 **** Incremental Build of configuration Debug for project LPC1769_asm_blinky ****
make all 
make: Nothing to be done for `all'.
17:17:04 **** Incremental Build of configuration Debug for project LPC1769_asm_blinky ****
make all 
make: Nothing to be done for `all'.
17:17:32 **** Incremental Build of configuration Debug for project LPC1769_asm_blinky ****
make all 
make: Nothing to be done for `all'.
17:17:35 **** Incremental Build of configuration Debug for project LPC1769_asm_blinky ****
make all 
make: Nothing to be done for `all'.
17:20:04 **** Incremental Build of configuration Debug for project LPC1769_asm_basic ****
make all 
make: Nothing to be done for `all'.
17:20:07 **** Incremental Build of configuration Debug for project LPC1769_asm_basic ****
make all 
make: Nothing to be done for `all'.
17:27:38 **** Incremental Build of configuration Debug for project LPC1769_asm_basic ****
make all 
Building file: ../src/asm.s
Invoking: MCU Assembler
arm-none-eabi-gcc -c -x assembler-with-cpp -D__REDLIB__  -DDEBUG -D__CODE_RED -g3 -mcpu=cortex-m3 -mthumb -o "src/asm.o" "../src/asm.s"
Finished building: ../src/asm.s
 
Building target: LPC1769_asm_basic.axf
Invoking: MCU Linker
arm-none-eabi-gcc -nostdlib -Tbss 0x10004000 -Xlinker -Map=LPC1769_asm_basic.map -Xlinker --gc-sections -mcpu=cortex-m3 -mthumb -T LPC1769_asm_basic_Debug.ld -o "LPC1769_asm_basic.axf"  ./src/asm.o   
Finished building target: LPC1769_asm_basic.axf
 
make --no-print-directory post-build
Performing post-build steps
arm-none-eabi-size LPC1769_asm_basic.axf; # arm-none-eabi-objcopy -O binary LPC1769_asm_basic.axf LPC1769_asm_basic.bin ; checksum -p LPC1769 -d LPC1769_asm_basic.bin;
   text	   data	    bss	    dec	    hex	filename
     88	      0	      4	     92	     5c	LPC1769_asm_basic.axf
 
17:27:42 **** Incremental Build of configuration Debug for project LPC1769_asm_basic ****
make all 
make: Nothing to be done for `all'.
17:31:27 **** Incremental Build of configuration Debug for project LPC1769_asm_basic ****
make all 
Building file: ../src/asm.s
Invoking: MCU Assembler
arm-none-eabi-gcc -c -x assembler-with-cpp -D__REDLIB__  -DDEBUG -D__CODE_RED -g3 -mcpu=cortex-m3 -mthumb -o "src/asm.o" "../src/asm.s"
Finished building: ../src/asm.s
 
Building target: LPC1769_asm_basic.axf
Invoking: MCU Linker
arm-none-eabi-gcc -nostdlib -Tbss 0x10004000 -Xlinker -Map=LPC1769_asm_basic.map -Xlinker --gc-sections -mcpu=cortex-m3 -mthumb -T LPC1769_asm_basic_Debug.ld -o "LPC1769_asm_basic.axf"  ./src/asm.o   
./src/asm.o: In function `loop':
C:\Users\Jianning\Desktop\CG2028\CG2028workspace\LPC1769_asm_basic\Debug/../src/asm.s:54: undefined reference to `start'
collect2: ld returned 1 exit status
make: *** [LPC1769_asm_basic.axf] Error 1
17:31:52 **** Incremental Build of configuration Debug for project LPC1769_asm_basic ****
make all 
Building file: ../src/asm.s
Invoking: MCU Assembler
arm-none-eabi-gcc -c -x assembler-with-cpp -D__REDLIB__  -DDEBUG -D__CODE_RED -g3 -mcpu=cortex-m3 -mthumb -o "src/asm.o" "../src/asm.s"
Finished building: ../src/asm.s
 
Building target: LPC1769_asm_basic.axf
Invoking: MCU Linker
arm-none-eabi-gcc -nostdlib -Tbss 0x10004000 -Xlinker -Map=LPC1769_asm_basic.map -Xlinker --gc-sections -mcpu=cortex-m3 -mthumb -T LPC1769_asm_basic_Debug.ld -o "LPC1769_asm_basic.axf"  ./src/asm.o   
Finished building target: LPC1769_asm_basic.axf
 
make --no-print-directory post-build
Performing post-build steps
arm-none-eabi-size LPC1769_asm_basic.axf; # arm-none-eabi-objcopy -O binary LPC1769_asm_basic.axf LPC1769_asm_basic.bin ; checksum -p LPC1769 -d LPC1769_asm_basic.bin;
   text	   data	    bss	    dec	    hex	filename
     88	      0	      4	     92	     5c	LPC1769_asm_basic.axf
 
17:33:21 **** Incremental Build of configuration Debug for project LPC1769_asm_basic ****
make all 
Building file: ../src/asm.s
Invoking: MCU Assembler
arm-none-eabi-gcc -c -x assembler-with-cpp -D__REDLIB__  -DDEBUG -D__CODE_RED -g3 -mcpu=cortex-m3 -mthumb -o "src/asm.o" "../src/asm.s"
Finished building: ../src/asm.s
 
Building target: LPC1769_asm_basic.axf
Invoking: MCU Linker
arm-none-eabi-gcc -nostdlib -Tbss 0x10004000 -Xlinker -Map=LPC1769_asm_basic.map -Xlinker --gc-sections -mcpu=cortex-m3 -mthumb -T LPC1769_asm_basic_Debug.ld -o "LPC1769_asm_basic.axf"  ./src/asm.o   
Finished building target: LPC1769_asm_basic.axf
 
make --no-print-directory post-build
Performing post-build steps
arm-none-eabi-size LPC1769_asm_basic.axf; # arm-none-eabi-objcopy -O binary LPC1769_asm_basic.axf LPC1769_asm_basic.bin ; checksum -p LPC1769 -d LPC1769_asm_basic.bin;
   text	   data	    bss	    dec	    hex	filename
     88	      0	      4	     92	     5c	LPC1769_asm_basic.axf
 
15:42:50 **** Incremental Build of configuration Debug for project LPC1769_asm_basic ****
make all 
Building file: ../src/asm.s
Invoking: MCU Assembler
arm-none-eabi-gcc -c -x assembler-with-cpp -D__REDLIB__  -DDEBUG -D__CODE_RED -g3 -mcpu=cortex-m3 -mthumb -o "src/asm.o" "../src/asm.s"
Finished building: ../src/asm.s
 
Building target: LPC1769_asm_basic.axf
Invoking: MCU Linker
arm-none-eabi-gcc -nostdlib -Tbss 0x10004000 -Xlinker -Map=LPC1769_asm_basic.map -Xlinker --gc-sections -mcpu=cortex-m3 -mthumb -T LPC1769_asm_basic_Debug.ld -o "LPC1769_asm_basic.axf"  ./src/asm.o   
Finished building target: LPC1769_asm_basic.axf
 
make --no-print-directory post-build
Performing post-build steps
arm-none-eabi-size LPC1769_asm_basic.axf; # arm-none-eabi-objcopy -O binary LPC1769_asm_basic.axf LPC1769_asm_basic.bin ; checksum -p LPC1769 -d LPC1769_asm_basic.bin;
   text	   data	    bss	    dec	    hex	filename
     80	      0	      0	     80	     50	LPC1769_asm_basic.axf
 
15:42:54 **** Incremental Build of configuration Debug for project LPC1769_asm_basic ****
make all 
make: Nothing to be done for `all'.
15:44:27 **** Incremental Build of configuration Debug for project LPC1769_asm_basic ****
make all 
Building file: ../src/asm.s
Invoking: MCU Assembler
arm-none-eabi-gcc -c -x assembler-with-cpp -D__REDLIB__  -DDEBUG -D__CODE_RED -g3 -mcpu=cortex-m3 -mthumb -o "src/asm.o" "../src/asm.s"
Finished building: ../src/asm.s
 
Building target: LPC1769_asm_basic.axf
Invoking: MCU Linker
arm-none-eabi-gcc -nostdlib -Tbss 0x10004000 -Xlinker -Map=LPC1769_asm_basic.map -Xlinker --gc-sections -mcpu=cortex-m3 -mthumb -T LPC1769_asm_basic_Debug.ld -o "LPC1769_asm_basic.axf"  ./src/asm.o   
Finished building target: LPC1769_asm_basic.axf
 
make --no-print-directory post-build
Performing post-build steps
arm-none-eabi-size LPC1769_asm_basic.axf; # arm-none-eabi-objcopy -O binary LPC1769_asm_basic.axf LPC1769_asm_basic.bin ; checksum -p LPC1769 -d LPC1769_asm_basic.bin;
   text	   data	    bss	    dec	    hex	filename
     80	      0	      0	     80	     50	LPC1769_asm_basic.axf
 
15:44:30 **** Incremental Build of configuration Debug for project LPC1769_asm_basic ****
make all 
make: Nothing to be done for `all'.
19:34:27 **** Clean-only build of configuration Debug for project Lib_CMSISv1p30_LPC17xx ****
make clean 
rm -rf  ./src/core_cm3.o ./src/system_LPC17xx.o  ./src/core_cm3.d ./src/system_LPC17xx.d  libCMSISv1p30_LPC17xx.a
 
19:34:27 **** Build of configuration Debug for project Lib_CMSISv1p30_LPC17xx ****
make all 
Building file: ../src/core_cm3.c
Invoking: MCU C Compiler
arm-none-eabi-gcc -DDEBUG -D__CODE_RED -D__REDLIB__ -I"C:\Users\Jianning\Desktop\CG2028\CG2028workspace\Lib_CMSISv1p30_LPC17xx\inc" -O0 -g3 -Wall -c -fmessage-length=0 -fno-builtin -ffunction-sections -mcpu=cortex-m3 -mthumb -MMD -MP -MF"src/core_cm3.d" -MT"src/core_cm3.d" -o "src/core_cm3.o" "../src/core_cm3.c"
Finished building: ../src/core_cm3.c
 
Building file: ../src/system_LPC17xx.c
Invoking: MCU C Compiler
arm-none-eabi-gcc -DDEBUG -D__CODE_RED -D__REDLIB__ -I"C:\Users\Jianning\Desktop\CG2028\CG2028workspace\Lib_CMSISv1p30_LPC17xx\inc" -O0 -g3 -Wall -c -fmessage-length=0 -fno-builtin -ffunction-sections -mcpu=cortex-m3 -mthumb -MMD -MP -MF"src/system_LPC17xx.d" -MT"src/system_LPC17xx.d" -o "src/system_LPC17xx.o" "../src/system_LPC17xx.c"
Finished building: ../src/system_LPC17xx.c
 
Building target: libCMSISv1p30_LPC17xx.a
Invoking: MCU Archiver
arm-none-eabi-ar -r  "libCMSISv1p30_LPC17xx.a"  ./src/core_cm3.o ./src/system_LPC17xx.o   
c:\nxp\LPCXpresso_6.1.4_194\lpcxpresso\tools\bin\arm-none-eabi-ar.exe: creating libCMSISv1p30_LPC17xx.a
Finished building target: libCMSISv1p30_LPC17xx.a
 
make --no-print-directory post-build
Performing post-build steps
arm-none-eabi-size libCMSISv1p30_LPC17xx.a ; # arm-none-eabi-objdump -h -S libCMSISv1p30_LPC17xx.a >libCMSISv1p30_LPC17xx.lss
   text	   data	    bss	    dec	    hex	filename
    652	      0	      0	    652	    28c	core_cm3.o (ex libCMSISv1p30_LPC17xx.a)
   1276	      4	      0	   1280	    500	system_LPC17xx.o (ex libCMSISv1p30_LPC17xx.a)
 
19:34:29 **** Clean-only build of configuration Debug for project CG2028AssignS1AY2122 ****
make clean 
rm -rf  ./src/classification.o ./src/cr_startup_lpc17.o ./src/main.o  ./src/cr_startup_lpc17.d ./src/main.d  CG2028AssignS1AY2122.axf
 
19:34:30 **** Build of configuration Debug for project CG2028AssignS1AY2122 ****
make all 
Building file: ../src/classification.s
Invoking: MCU Assembler
arm-none-eabi-gcc -c -x assembler-with-cpp -DDEBUG -D__CODE_RED -D__REDLIB__ -g3 -mcpu=cortex-m3 -mthumb -o"src/classification.o" "../src/classification.s"
Finished building: ../src/classification.s
 
Building file: ../src/cr_startup_lpc17.c
Invoking: MCU C Compiler
arm-none-eabi-gcc -DDEBUG -D__CODE_RED -D__REDLIB__ -D__USE_CMSIS=CMSISv1p30_LPC17xx -I"C:\Users\Jianning\Desktop\CG2028\CG2028workspace\Lib_CMSISv1p30_LPC17xx\inc" -O0 -g3 -Wall -c -fmessage-length=0 -fno-builtin -ffunction-sections -Wa,-ahlnds=cr_startup_lpc17.asm -mcpu=cortex-m3 -mthumb -MMD -MP -MF"src/cr_startup_lpc17.d" -MT"src/cr_startup_lpc17.d" -o"src/cr_startup_lpc17.o" "../src/cr_startup_lpc17.c"
Finished building: ../src/cr_startup_lpc17.c
 
Building file: ../src/main.c
Invoking: MCU C Compiler
arm-none-eabi-gcc -DDEBUG -D__CODE_RED -D__REDLIB__ -D__USE_CMSIS=CMSISv1p30_LPC17xx -I"C:\Users\Jianning\Desktop\CG2028\CG2028workspace\Lib_CMSISv1p30_LPC17xx\inc" -O0 -g3 -Wall -c -fmessage-length=0 -fno-builtin -ffunction-sections -Wa,-ahlnds=main.asm -mcpu=cortex-m3 -mthumb -MMD -MP -MF"src/main.d" -MT"src/main.d" -o"src/main.o" "../src/main.c"
Finished building: ../src/main.c
 
Building target: CG2028AssignS1AY2122.axf
Invoking: MCU Linker
arm-none-eabi-gcc -nostdlib -L"C:\Users\Jianning\Desktop\CG2028\CG2028workspace\Lib_CMSISv1p30_LPC17xx\Debug" -Xlinker --gc-sections -Xlinker -Map=CG2028AssignS1AY2122.map -mcpu=cortex-m3 -mthumb -T "CG2028AssignS1AY2122_Debug.ld" -o"CG2028AssignS1AY2122.axf"  ./src/classification.o ./src/cr_startup_lpc17.o ./src/main.o   -lCMSISv1p30_LPC17xx
Finished building target: CG2028AssignS1AY2122.axf
 
make --no-print-directory post-build
Performing post-build steps
arm-none-eabi-size CG2028AssignS1AY2122.axf; # arm-none-eabi-objcopy -O ihex CG2028AssignS1AY2122.axf CG2028AssignS1AY2122.hex ;
   text	   data	    bss	    dec	    hex	filename
  12320	      0	    336	  12656	   3170	CG2028AssignS1AY2122.axf
 
19:34:37 **** Incremental Build of configuration Debug for project Lib_CMSISv1p30_LPC17xx ****
make all 
make: Nothing to be done for `all'.
19:34:38 **** Incremental Build of configuration Debug for project CG2028AssignS1AY2122 ****
make all 
make: Nothing to be done for `all'.
19:35:57 **** Incremental Build of configuration Debug for project Lib_CMSISv1p30_LPC17xx ****
make all 
make: Nothing to be done for `all'.
19:35:59 **** Incremental Build of configuration Debug for project CG2028AssignS1AY2122 ****
make all 
Building file: ../src/main.c
Invoking: MCU C Compiler
arm-none-eabi-gcc -DDEBUG -D__CODE_RED -D__REDLIB__ -D__USE_CMSIS=CMSISv1p30_LPC17xx -I"C:\Users\Jianning\Desktop\CG2028\CG2028workspace\Lib_CMSISv1p30_LPC17xx\inc" -O0 -g3 -Wall -c -fmessage-length=0 -fno-builtin -ffunction-sections -Wa,-ahlnds=main.asm -mcpu=cortex-m3 -mthumb -MMD -MP -MF"src/main.d" -MT"src/main.d" -o"src/main.o" "../src/main.c"
Finished building: ../src/main.c
 
Building target: CG2028AssignS1AY2122.axf
Invoking: MCU Linker
arm-none-eabi-gcc -nostdlib -L"C:\Users\Jianning\Desktop\CG2028\CG2028workspace\Lib_CMSISv1p30_LPC17xx\Debug" -Xlinker --gc-sections -Xlinker -Map=CG2028AssignS1AY2122.map -mcpu=cortex-m3 -mthumb -T "CG2028AssignS1AY2122_Debug.ld" -o"CG2028AssignS1AY2122.axf"  ./src/classification.o ./src/cr_startup_lpc17.o ./src/main.o   -lCMSISv1p30_LPC17xx
Finished building target: CG2028AssignS1AY2122.axf
 
make --no-print-directory post-build
Performing post-build steps
arm-none-eabi-size CG2028AssignS1AY2122.axf; # arm-none-eabi-objcopy -O ihex CG2028AssignS1AY2122.axf CG2028AssignS1AY2122.hex ;
   text	   data	    bss	    dec	    hex	filename
  12408	      0	    336	  12744	   31c8	CG2028AssignS1AY2122.axf
 
19:36:02 **** Incremental Build of configuration Debug for project Lib_CMSISv1p30_LPC17xx ****
make all 
make: Nothing to be done for `all'.
19:36:04 **** Incremental Build of configuration Debug for project CG2028AssignS1AY2122 ****
make all 
make: Nothing to be done for `all'.
22:40:44 **** Incremental Build of configuration Debug for project Lib_CMSISv1p30_LPC17xx ****
make all 
make: Nothing to be done for `all'.
22:40:45 **** Incremental Build of configuration Debug for project CG2028AssignS1AY2122 ****
make all 
Building file: ../src/classification.s
Invoking: MCU Assembler
arm-none-eabi-gcc -c -x assembler-with-cpp -DDEBUG -D__CODE_RED -D__REDLIB__ -g3 -mcpu=cortex-m3 -mthumb -o"src/classification.o" "../src/classification.s"
Finished building: ../src/classification.s
 
Building target: CG2028AssignS1AY2122.axf
Invoking: MCU Linker
arm-none-eabi-gcc -nostdlib -L"C:\Users\Jianning\Desktop\CG2028\CG2028workspace\Lib_CMSISv1p30_LPC17xx\Debug" -Xlinker --gc-sections -Xlinker -Map=CG2028AssignS1AY2122.map -mcpu=cortex-m3 -mthumb -T "CG2028AssignS1AY2122_Debug.ld" -o"CG2028AssignS1AY2122.axf"  ./src/classification.o ./src/cr_startup_lpc17.o ./src/main.o   -lCMSISv1p30_LPC17xx
Finished building target: CG2028AssignS1AY2122.axf
 
make --no-print-directory post-build
Performing post-build steps
arm-none-eabi-size CG2028AssignS1AY2122.axf; # arm-none-eabi-objcopy -O ihex CG2028AssignS1AY2122.axf CG2028AssignS1AY2122.hex ;
   text	   data	    bss	    dec	    hex	filename
  12408	      0	    336	  12744	   31c8	CG2028AssignS1AY2122.axf
 
22:40:49 **** Incremental Build of configuration Debug for project Lib_CMSISv1p30_LPC17xx ****
make all 
make: Nothing to be done for `all'.
22:40:51 **** Incremental Build of configuration Debug for project CG2028AssignS1AY2122 ****
make all 
make: Nothing to be done for `all'.
22:43:34 **** Incremental Build of configuration Debug for project Lib_CMSISv1p30_LPC17xx ****
make all 
make: Nothing to be done for `all'.
22:43:36 **** Incremental Build of configuration Debug for project CG2028AssignS1AY2122 ****
make all 
make: Nothing to be done for `all'.
22:52:25 **** Incremental Build of configuration Debug for project Lib_CMSISv1p30_LPC17xx ****
make all 
make: Nothing to be done for `all'.
22:52:26 **** Incremental Build of configuration Debug for project CG2028AssignS1AY2122 ****
make all 
make: Nothing to be done for `all'.
22:55:01 **** Incremental Build of configuration Debug for project Lib_CMSISv1p30_LPC17xx ****
make all 
make: Nothing to be done for `all'.
22:55:03 **** Incremental Build of configuration Debug for project CG2028AssignS1AY2122 ****
make all 
make: Nothing to be done for `all'.
23:00:34 **** Incremental Build of configuration Debug for project Lib_CMSISv1p30_LPC17xx ****
make all 
make: Nothing to be done for `all'.
23:00:35 **** Incremental Build of configuration Debug for project CG2028AssignS1AY2122 ****
make all 
Building file: ../src/classification.s
Invoking: MCU Assembler
arm-none-eabi-gcc -c -x assembler-with-cpp -DDEBUG -D__CODE_RED -D__REDLIB__ -g3 -mcpu=cortex-m3 -mthumb -o"src/classification.o" "../src/classification.s"
Finished building: ../src/classification.s
 
Building target: CG2028AssignS1AY2122.axf
Invoking: MCU Linker
arm-none-eabi-gcc -nostdlib -L"C:\Users\Jianning\Desktop\CG2028\CG2028workspace\Lib_CMSISv1p30_LPC17xx\Debug" -Xlinker --gc-sections -Xlinker -Map=CG2028AssignS1AY2122.map -mcpu=cortex-m3 -mthumb -T "CG2028AssignS1AY2122_Debug.ld" -o"CG2028AssignS1AY2122.axf"  ./src/classification.o ./src/cr_startup_lpc17.o ./src/main.o   -lCMSISv1p30_LPC17xx
Finished building target: CG2028AssignS1AY2122.axf
 
make --no-print-directory post-build
Performing post-build steps
arm-none-eabi-size CG2028AssignS1AY2122.axf; # arm-none-eabi-objcopy -O ihex CG2028AssignS1AY2122.axf CG2028AssignS1AY2122.hex ;
   text	   data	    bss	    dec	    hex	filename
  12408	      0	    336	  12744	   31c8	CG2028AssignS1AY2122.axf
 
23:00:43 **** Incremental Build of configuration Debug for project Lib_CMSISv1p30_LPC17xx ****
make all 
make: Nothing to be done for `all'.
23:00:45 **** Incremental Build of configuration Debug for project CG2028AssignS1AY2122 ****
make all 
make: Nothing to be done for `all'.
23:02:23 **** Incremental Build of configuration Debug for project Lib_CMSISv1p30_LPC17xx ****
make all 
make: Nothing to be done for `all'.
23:02:25 **** Incremental Build of configuration Debug for project CG2028AssignS1AY2122 ****
make all 
Building file: ../src/classification.s
Invoking: MCU Assembler
arm-none-eabi-gcc -c -x assembler-with-cpp -DDEBUG -D__CODE_RED -D__REDLIB__ -g3 -mcpu=cortex-m3 -mthumb -o"src/classification.o" "../src/classification.s"
Finished building: ../src/classification.s
 
Building target: CG2028AssignS1AY2122.axf
Invoking: MCU Linker
arm-none-eabi-gcc -nostdlib -L"C:\Users\Jianning\Desktop\CG2028\CG2028workspace\Lib_CMSISv1p30_LPC17xx\Debug" -Xlinker --gc-sections -Xlinker -Map=CG2028AssignS1AY2122.map -mcpu=cortex-m3 -mthumb -T "CG2028AssignS1AY2122_Debug.ld" -o"CG2028AssignS1AY2122.axf"  ./src/classification.o ./src/cr_startup_lpc17.o ./src/main.o   -lCMSISv1p30_LPC17xx
Finished building target: CG2028AssignS1AY2122.axf
 
make --no-print-directory post-build
Performing post-build steps
arm-none-eabi-size CG2028AssignS1AY2122.axf; # arm-none-eabi-objcopy -O ihex CG2028AssignS1AY2122.axf CG2028AssignS1AY2122.hex ;
   text	   data	    bss	    dec	    hex	filename
  12400	      0	    336	  12736	   31c0	CG2028AssignS1AY2122.axf
 
23:02:43 **** Incremental Build of configuration Debug for project Lib_CMSISv1p30_LPC17xx ****
make all 
make: Nothing to be done for `all'.
23:02:45 **** Incremental Build of configuration Debug for project CG2028AssignS1AY2122 ****
make all 
make: Nothing to be done for `all'.
23:20:31 **** Incremental Build of configuration Debug for project Lib_CMSISv1p30_LPC17xx ****
make all 
make: Nothing to be done for `all'.
23:20:33 **** Incremental Build of configuration Debug for project CG2028AssignS1AY2122 ****
make all 
Building file: ../src/classification.s
Invoking: MCU Assembler
arm-none-eabi-gcc -c -x assembler-with-cpp -DDEBUG -D__CODE_RED -D__REDLIB__ -g3 -mcpu=cortex-m3 -mthumb -o"src/classification.o" "../src/classification.s"
../src/classification.s: Assembler messages:
../src/classification.s:51: Error: bad or irreducible absolute expression
make: *** [src/classification.o] Error 1
23:24:14 **** Incremental Build of configuration Debug for project Lib_CMSISv1p30_LPC17xx ****
make all 
make: Nothing to be done for `all'.
23:24:16 **** Incremental Build of configuration Debug for project CG2028AssignS1AY2122 ****
make all 
Building file: ../src/classification.s
Invoking: MCU Assembler
arm-none-eabi-gcc -c -x assembler-with-cpp -DDEBUG -D__CODE_RED -D__REDLIB__ -g3 -mcpu=cortex-m3 -mthumb -o"src/classification.o" "../src/classification.s"
../src/classification.s: Assembler messages:
../src/classification.s:52: Error: bad or irreducible absolute expression
make: *** [src/classification.o] Error 1
23:24:50 **** Incremental Build of configuration Debug for project Lib_CMSISv1p30_LPC17xx ****
make all 
make: Nothing to be done for `all'.
23:24:52 **** Incremental Build of configuration Debug for project CG2028AssignS1AY2122 ****
make all 
Building file: ../src/classification.s
Invoking: MCU Assembler
arm-none-eabi-gcc -c -x assembler-with-cpp -DDEBUG -D__CODE_RED -D__REDLIB__ -g3 -mcpu=cortex-m3 -mthumb -o"src/classification.o" "../src/classification.s"
../src/classification.s: Assembler messages:
../src/classification.s:50: Error: expected comma after "MAX_N"
../src/classification.s:52: Error: bad or irreducible absolute expression
make: *** [src/classification.o] Error 1
23:24:59 **** Incremental Build of configuration Debug for project Lib_CMSISv1p30_LPC17xx ****
make all 
make: Nothing to be done for `all'.
23:25:01 **** Incremental Build of configuration Debug for project CG2028AssignS1AY2122 ****
make all 
Building file: ../src/classification.s
Invoking: MCU Assembler
arm-none-eabi-gcc -c -x assembler-with-cpp -DDEBUG -D__CODE_RED -D__REDLIB__ -g3 -mcpu=cortex-m3 -mthumb -o"src/classification.o" "../src/classification.s"
Finished building: ../src/classification.s
 
Building target: CG2028AssignS1AY2122.axf
Invoking: MCU Linker
arm-none-eabi-gcc -nostdlib -L"C:\Users\Jianning\Desktop\CG2028\CG2028workspace\Lib_CMSISv1p30_LPC17xx\Debug" -Xlinker --gc-sections -Xlinker -Map=CG2028AssignS1AY2122.map -mcpu=cortex-m3 -mthumb -T "CG2028AssignS1AY2122_Debug.ld" -o"CG2028AssignS1AY2122.axf"  ./src/classification.o ./src/cr_startup_lpc17.o ./src/main.o   -lCMSISv1p30_LPC17xx
Finished building target: CG2028AssignS1AY2122.axf
 
make --no-print-directory post-build
Performing post-build steps
arm-none-eabi-size CG2028AssignS1AY2122.axf; # arm-none-eabi-objcopy -O ihex CG2028AssignS1AY2122.axf CG2028AssignS1AY2122.hex ;
   text	   data	    bss	    dec	    hex	filename
  12408	      0	    336	  12744	   31c8	CG2028AssignS1AY2122.axf
 
23:25:09 **** Incremental Build of configuration Debug for project Lib_CMSISv1p30_LPC17xx ****
make all 
make: Nothing to be done for `all'.
23:25:11 **** Incremental Build of configuration Debug for project CG2028AssignS1AY2122 ****
make all 
Building file: ../src/classification.s
Invoking: MCU Assembler
arm-none-eabi-gcc -c -x assembler-with-cpp -DDEBUG -D__CODE_RED -D__REDLIB__ -g3 -mcpu=cortex-m3 -mthumb -o"src/classification.o" "../src/classification.s"
../src/classification.s: Assembler messages:
../src/classification.s:52: Error: bad or irreducible absolute expression
make: *** [src/classification.o] Error 1
23:25:33 **** Incremental Build of configuration Debug for project Lib_CMSISv1p30_LPC17xx ****
make all 
make: Nothing to be done for `all'.
23:25:34 **** Incremental Build of configuration Debug for project CG2028AssignS1AY2122 ****
make all 
Building file: ../src/classification.s
Invoking: MCU Assembler
arm-none-eabi-gcc -c -x assembler-with-cpp -DDEBUG -D__CODE_RED -D__REDLIB__ -g3 -mcpu=cortex-m3 -mthumb -o"src/classification.o" "../src/classification.s"
Finished building: ../src/classification.s
 
Building target: CG2028AssignS1AY2122.axf
Invoking: MCU Linker
arm-none-eabi-gcc -nostdlib -L"C:\Users\Jianning\Desktop\CG2028\CG2028workspace\Lib_CMSISv1p30_LPC17xx\Debug" -Xlinker --gc-sections -Xlinker -Map=CG2028AssignS1AY2122.map -mcpu=cortex-m3 -mthumb -T "CG2028AssignS1AY2122_Debug.ld" -o"CG2028AssignS1AY2122.axf"  ./src/classification.o ./src/cr_startup_lpc17.o ./src/main.o   -lCMSISv1p30_LPC17xx
Finished building target: CG2028AssignS1AY2122.axf
 
make --no-print-directory post-build
Performing post-build steps
arm-none-eabi-size CG2028AssignS1AY2122.axf; # arm-none-eabi-objcopy -O ihex CG2028AssignS1AY2122.axf CG2028AssignS1AY2122.hex ;
   text	   data	    bss	    dec	    hex	filename
  12408	      0	    336	  12744	   31c8	CG2028AssignS1AY2122.axf
 
23:26:45 **** Incremental Build of configuration Debug for project Lib_CMSISv1p30_LPC17xx ****
make all 
make: Nothing to be done for `all'.
23:26:47 **** Incremental Build of configuration Debug for project CG2028AssignS1AY2122 ****
make all 
Building file: ../src/classification.s
Invoking: MCU Assembler
arm-none-eabi-gcc -c -x assembler-with-cpp -DDEBUG -D__CODE_RED -D__REDLIB__ -g3 -mcpu=cortex-m3 -mthumb -o"src/classification.o" "../src/classification.s"
Finished building: ../src/classification.s
 
Building target: CG2028AssignS1AY2122.axf
Invoking: MCU Linker
arm-none-eabi-gcc -nostdlib -L"C:\Users\Jianning\Desktop\CG2028\CG2028workspace\Lib_CMSISv1p30_LPC17xx\Debug" -Xlinker --gc-sections -Xlinker -Map=CG2028AssignS1AY2122.map -mcpu=cortex-m3 -mthumb -T "CG2028AssignS1AY2122_Debug.ld" -o"CG2028AssignS1AY2122.axf"  ./src/classification.o ./src/cr_startup_lpc17.o ./src/main.o   -lCMSISv1p30_LPC17xx
Finished building target: CG2028AssignS1AY2122.axf
 
make --no-print-directory post-build
Performing post-build steps
arm-none-eabi-size CG2028AssignS1AY2122.axf; # arm-none-eabi-objcopy -O ihex CG2028AssignS1AY2122.axf CG2028AssignS1AY2122.hex ;
   text	   data	    bss	    dec	    hex	filename
  12408	      0	    336	  12744	   31c8	CG2028AssignS1AY2122.axf
 
00:05:33 **** Incremental Build of configuration Debug for project Lib_CMSISv1p30_LPC17xx ****
make all 
make: Nothing to be done for `all'.
00:05:35 **** Incremental Build of configuration Debug for project CG2028AssignS1AY2122 ****
make all 
Building file: ../src/classification.s
Invoking: MCU Assembler
arm-none-eabi-gcc -c -x assembler-with-cpp -DDEBUG -D__CODE_RED -D__REDLIB__ -g3 -mcpu=cortex-m3 -mthumb -o"src/classification.o" "../src/classification.s"
../src/classification.s: Assembler messages:
../src/classification.s:66: Error: garbage following instruction -- `bgt distance loop'
make: *** [src/classification.o] Error 1
00:05:41 **** Incremental Build of configuration Debug for project Lib_CMSISv1p30_LPC17xx ****
make all 
make: Nothing to be done for `all'.
00:05:43 **** Incremental Build of configuration Debug for project CG2028AssignS1AY2122 ****
make all 
Building file: ../src/classification.s
Invoking: MCU Assembler
arm-none-eabi-gcc -c -x assembler-with-cpp -DDEBUG -D__CODE_RED -D__REDLIB__ -g3 -mcpu=cortex-m3 -mthumb -o"src/classification.o" "../src/classification.s"
Finished building: ../src/classification.s
 
Building target: CG2028AssignS1AY2122.axf
Invoking: MCU Linker
arm-none-eabi-gcc -nostdlib -L"C:\Users\Jianning\Desktop\CG2028\CG2028workspace\Lib_CMSISv1p30_LPC17xx\Debug" -Xlinker --gc-sections -Xlinker -Map=CG2028AssignS1AY2122.map -mcpu=cortex-m3 -mthumb -T "CG2028AssignS1AY2122_Debug.ld" -o"CG2028AssignS1AY2122.axf"  ./src/classification.o ./src/cr_startup_lpc17.o ./src/main.o   -lCMSISv1p30_LPC17xx
Finished building target: CG2028AssignS1AY2122.axf
 
make --no-print-directory post-build
Performing post-build steps
arm-none-eabi-size CG2028AssignS1AY2122.axf; # arm-none-eabi-objcopy -O ihex CG2028AssignS1AY2122.axf CG2028AssignS1AY2122.hex ;
   text	   data	    bss	    dec	    hex	filename
  12464	      0	    392	  12856	   3238	CG2028AssignS1AY2122.axf
 
00:05:54 **** Incremental Build of configuration Debug for project Lib_CMSISv1p30_LPC17xx ****
make all 
make: Nothing to be done for `all'.
00:05:56 **** Incremental Build of configuration Debug for project CG2028AssignS1AY2122 ****
make all 
make: Nothing to be done for `all'.
00:15:16 **** Incremental Build of configuration Debug for project Lib_CMSISv1p30_LPC17xx ****
make all 
make: Nothing to be done for `all'.
00:15:18 **** Incremental Build of configuration Debug for project CG2028AssignS1AY2122 ****
make all 
Building file: ../src/classification.s
Invoking: MCU Assembler
arm-none-eabi-gcc -c -x assembler-with-cpp -DDEBUG -D__CODE_RED -D__REDLIB__ -g3 -mcpu=cortex-m3 -mthumb -o"src/classification.o" "../src/classification.s"
../src/classification.s: Assembler messages:
../src/classification.s:52: Error: bad instruction `ssub R6,R6,R8'
../src/classification.s:56: Error: bad instruction `ssub R7,R7,R9'
make: *** [src/classification.o] Error 1
00:15:32 **** Incremental Build of configuration Debug for project Lib_CMSISv1p30_LPC17xx ****
make all 
make: Nothing to be done for `all'.
00:15:34 **** Incremental Build of configuration Debug for project CG2028AssignS1AY2122 ****
make all 
Building file: ../src/classification.s
Invoking: MCU Assembler
arm-none-eabi-gcc -c -x assembler-with-cpp -DDEBUG -D__CODE_RED -D__REDLIB__ -g3 -mcpu=cortex-m3 -mthumb -o"src/classification.o" "../src/classification.s"
Finished building: ../src/classification.s
 
Building target: CG2028AssignS1AY2122.axf
Invoking: MCU Linker
arm-none-eabi-gcc -nostdlib -L"C:\Users\Jianning\Desktop\CG2028\CG2028workspace\Lib_CMSISv1p30_LPC17xx\Debug" -Xlinker --gc-sections -Xlinker -Map=CG2028AssignS1AY2122.map -mcpu=cortex-m3 -mthumb -T "CG2028AssignS1AY2122_Debug.ld" -o"CG2028AssignS1AY2122.axf"  ./src/classification.o ./src/cr_startup_lpc17.o ./src/main.o   -lCMSISv1p30_LPC17xx
Finished building target: CG2028AssignS1AY2122.axf
 
make --no-print-directory post-build
Performing post-build steps
arm-none-eabi-size CG2028AssignS1AY2122.axf; # arm-none-eabi-objcopy -O ihex CG2028AssignS1AY2122.axf CG2028AssignS1AY2122.hex ;
   text	   data	    bss	    dec	    hex	filename
  12464	      0	    392	  12856	   3238	CG2028AssignS1AY2122.axf
 
00:32:46 **** Incremental Build of configuration Debug for project Lib_CMSISv1p30_LPC17xx ****
make all 
make: Nothing to be done for `all'.
00:32:48 **** Incremental Build of configuration Debug for project CG2028AssignS1AY2122 ****
make all 
Building file: ../src/classification.s
Invoking: MCU Assembler
arm-none-eabi-gcc -c -x assembler-with-cpp -DDEBUG -D__CODE_RED -D__REDLIB__ -g3 -mcpu=cortex-m3 -mthumb -o"src/classification.o" "../src/classification.s"
../src/classification.s: Assembler messages:
../src/classification.s:34: Error: having the base register in the register list when using write back is UNPREDICTABLE -- `push {R4-R13}'
../src/classification.s:92: Error: having the base register in the register list when using write back is UNPREDICTABLE -- `pop {R4-R13}'
make: *** [src/classification.o] Error 1
00:34:06 **** Incremental Build of configuration Debug for project Lib_CMSISv1p30_LPC17xx ****
make all 
make: Nothing to be done for `all'.
00:34:08 **** Incremental Build of configuration Debug for project CG2028AssignS1AY2122 ****
make all 
Building file: ../src/classification.s
Invoking: MCU Assembler
arm-none-eabi-gcc -c -x assembler-with-cpp -DDEBUG -D__CODE_RED -D__REDLIB__ -g3 -mcpu=cortex-m3 -mthumb -o"src/classification.o" "../src/classification.s"
Finished building: ../src/classification.s
 
Building target: CG2028AssignS1AY2122.axf
Invoking: MCU Linker
arm-none-eabi-gcc -nostdlib -L"C:\Users\Jianning\Desktop\CG2028\CG2028workspace\Lib_CMSISv1p30_LPC17xx\Debug" -Xlinker --gc-sections -Xlinker -Map=CG2028AssignS1AY2122.map -mcpu=cortex-m3 -mthumb -T "CG2028AssignS1AY2122_Debug.ld" -o"CG2028AssignS1AY2122.axf"  ./src/classification.o ./src/cr_startup_lpc17.o ./src/main.o   -lCMSISv1p30_LPC17xx
Finished building target: CG2028AssignS1AY2122.axf
 
make --no-print-directory post-build
Performing post-build steps
arm-none-eabi-size CG2028AssignS1AY2122.axf; # arm-none-eabi-objcopy -O ihex CG2028AssignS1AY2122.axf CG2028AssignS1AY2122.hex ;
   text	   data	    bss	    dec	    hex	filename
  12480	      0	    392	  12872	   3248	CG2028AssignS1AY2122.axf
 
00:34:11 **** Incremental Build of configuration Debug for project Lib_CMSISv1p30_LPC17xx ****
make all 
make: Nothing to be done for `all'.
00:34:13 **** Incremental Build of configuration Debug for project CG2028AssignS1AY2122 ****
make all 
make: Nothing to be done for `all'.
00:36:28 **** Incremental Build of configuration Debug for project Lib_CMSISv1p30_LPC17xx ****
make all 
make: Nothing to be done for `all'.
00:36:30 **** Incremental Build of configuration Debug for project CG2028AssignS1AY2122 ****
make all 
make: Nothing to be done for `all'.
00:45:47 **** Incremental Build of configuration Debug for project Lib_CMSISv1p30_LPC17xx ****
make all 
make: Nothing to be done for `all'.
00:45:49 **** Incremental Build of configuration Debug for project CG2028AssignS1AY2122 ****
make all 
Building file: ../src/main.c
Invoking: MCU C Compiler
arm-none-eabi-gcc -DDEBUG -D__CODE_RED -D__REDLIB__ -D__USE_CMSIS=CMSISv1p30_LPC17xx -I"C:\Users\Jianning\Desktop\CG2028\CG2028workspace\Lib_CMSISv1p30_LPC17xx\inc" -O0 -g3 -Wall -c -fmessage-length=0 -fno-builtin -ffunction-sections -Wa,-ahlnds=main.asm -mcpu=cortex-m3 -mthumb -MMD -MP -MF"src/main.d" -MT"src/main.d" -o"src/main.o" "../src/main.c"
Finished building: ../src/main.c
 
Building target: CG2028AssignS1AY2122.axf
Invoking: MCU Linker
arm-none-eabi-gcc -nostdlib -L"C:\Users\Jianning\Desktop\CG2028\CG2028workspace\Lib_CMSISv1p30_LPC17xx\Debug" -Xlinker --gc-sections -Xlinker -Map=CG2028AssignS1AY2122.map -mcpu=cortex-m3 -mthumb -T "CG2028AssignS1AY2122_Debug.ld" -o"CG2028AssignS1AY2122.axf"  ./src/classification.o ./src/cr_startup_lpc17.o ./src/main.o   -lCMSISv1p30_LPC17xx
Finished building target: CG2028AssignS1AY2122.axf
 
make --no-print-directory post-build
Performing post-build steps
arm-none-eabi-size CG2028AssignS1AY2122.axf; # arm-none-eabi-objcopy -O ihex CG2028AssignS1AY2122.axf CG2028AssignS1AY2122.hex ;
   text	   data	    bss	    dec	    hex	filename
  12480	      0	    392	  12872	   3248	CG2028AssignS1AY2122.axf
 
00:45:54 **** Incremental Build of configuration Debug for project Lib_CMSISv1p30_LPC17xx ****
make all 
make: Nothing to be done for `all'.
00:45:56 **** Incremental Build of configuration Debug for project CG2028AssignS1AY2122 ****
make all 
make: Nothing to be done for `all'.
00:48:42 **** Incremental Build of configuration Debug for project Lib_CMSISv1p30_LPC17xx ****
make all 
make: Nothing to be done for `all'.
00:48:44 **** Incremental Build of configuration Debug for project CG2028AssignS1AY2122 ****
make all 
make: Nothing to be done for `all'.
00:50:18 **** Incremental Build of configuration Debug for project Lib_CMSISv1p30_LPC17xx ****
make all 
make: Nothing to be done for `all'.
00:50:19 **** Incremental Build of configuration Debug for project CG2028AssignS1AY2122 ****
make all 
make: Nothing to be done for `all'.
01:01:02 **** Incremental Build of configuration Debug for project Lib_CMSISv1p30_LPC17xx ****
make all 
make: Nothing to be done for `all'.
01:01:04 **** Incremental Build of configuration Debug for project CG2028AssignS1AY2122 ****
make all 
Building file: ../src/main.c
Invoking: MCU C Compiler
arm-none-eabi-gcc -DDEBUG -D__CODE_RED -D__REDLIB__ -D__USE_CMSIS=CMSISv1p30_LPC17xx -I"C:\Users\Jianning\Desktop\CG2028\CG2028workspace\Lib_CMSISv1p30_LPC17xx\inc" -O0 -g3 -Wall -c -fmessage-length=0 -fno-builtin -ffunction-sections -Wa,-ahlnds=main.asm -mcpu=cortex-m3 -mthumb -MMD -MP -MF"src/main.d" -MT"src/main.d" -o"src/main.o" "../src/main.c"
../src/main.c: In function 'classification_c':
../src/main.c:36:10: warning: unused variable 'd2' [-Wunused-variable]
../src/main.c:33:10: warning: unused variable 'n' [-Wunused-variable]
Finished building: ../src/main.c
 
Building target: CG2028AssignS1AY2122.axf
Invoking: MCU Linker
arm-none-eabi-gcc -nostdlib -L"C:\Users\Jianning\Desktop\CG2028\CG2028workspace\Lib_CMSISv1p30_LPC17xx\Debug" -Xlinker --gc-sections -Xlinker -Map=CG2028AssignS1AY2122.map -mcpu=cortex-m3 -mthumb -T "CG2028AssignS1AY2122_Debug.ld" -o"CG2028AssignS1AY2122.axf"  ./src/classification.o ./src/cr_startup_lpc17.o ./src/main.o   -lCMSISv1p30_LPC17xx
Finished building target: CG2028AssignS1AY2122.axf
 
make --no-print-directory post-build
Performing post-build steps
arm-none-eabi-size CG2028AssignS1AY2122.axf; # arm-none-eabi-objcopy -O ihex CG2028AssignS1AY2122.axf CG2028AssignS1AY2122.hex ;
   text	   data	    bss	    dec	    hex	filename
  12424	      0	    392	  12816	   3210	CG2028AssignS1AY2122.axf
 
01:01:07 **** Incremental Build of configuration Debug for project Lib_CMSISv1p30_LPC17xx ****
make all 
make: Nothing to be done for `all'.
01:01:09 **** Incremental Build of configuration Debug for project CG2028AssignS1AY2122 ****
make all 
make: Nothing to be done for `all'.
01:03:20 **** Incremental Build of configuration Debug for project Lib_CMSISv1p30_LPC17xx ****
make all 
make: Nothing to be done for `all'.
01:03:22 **** Incremental Build of configuration Debug for project CG2028AssignS1AY2122 ****
make all 
Building file: ../src/main.c
Invoking: MCU C Compiler
arm-none-eabi-gcc -DDEBUG -D__CODE_RED -D__REDLIB__ -D__USE_CMSIS=CMSISv1p30_LPC17xx -I"C:\Users\Jianning\Desktop\CG2028\CG2028workspace\Lib_CMSISv1p30_LPC17xx\inc" -O0 -g3 -Wall -c -fmessage-length=0 -fno-builtin -ffunction-sections -Wa,-ahlnds=main.asm -mcpu=cortex-m3 -mthumb -MMD -MP -MF"src/main.d" -MT"src/main.d" -o"src/main.o" "../src/main.c"
../src/main.c: In function 'classification_c':
../src/main.c:50:3: error: unknown type name 'find'
../src/main.c:50:12: error: expected '=', ',', ';', 'asm' or '__attribute__' before numeric constant
../src/main.c:33:10: warning: unused variable 'n' [-Wunused-variable]
make: *** [src/main.o] Error 1
01:03:54 **** Incremental Build of configuration Debug for project Lib_CMSISv1p30_LPC17xx ****
make all 
make: Nothing to be done for `all'.
01:03:56 **** Incremental Build of configuration Debug for project CG2028AssignS1AY2122 ****
make all 
Building file: ../src/main.c
Invoking: MCU C Compiler
arm-none-eabi-gcc -DDEBUG -D__CODE_RED -D__REDLIB__ -D__USE_CMSIS=CMSISv1p30_LPC17xx -I"C:\Users\Jianning\Desktop\CG2028\CG2028workspace\Lib_CMSISv1p30_LPC17xx\inc" -O0 -g3 -Wall -c -fmessage-length=0 -fno-builtin -ffunction-sections -Wa,-ahlnds=main.asm -mcpu=cortex-m3 -mthumb -MMD -MP -MF"src/main.d" -MT"src/main.d" -o"src/main.o" "../src/main.c"
../src/main.c: In function 'classification_c':
../src/main.c:33:10: warning: unused variable 'n' [-Wunused-variable]
Finished building: ../src/main.c
 
Building target: CG2028AssignS1AY2122.axf
Invoking: MCU Linker
arm-none-eabi-gcc -nostdlib -L"C:\Users\Jianning\Desktop\CG2028\CG2028workspace\Lib_CMSISv1p30_LPC17xx\Debug" -Xlinker --gc-sections -Xlinker -Map=CG2028AssignS1AY2122.map -mcpu=cortex-m3 -mthumb -T "CG2028AssignS1AY2122_Debug.ld" -o"CG2028AssignS1AY2122.axf"  ./src/classification.o ./src/cr_startup_lpc17.o ./src/main.o   -lCMSISv1p30_LPC17xx
Finished building target: CG2028AssignS1AY2122.axf
 
make --no-print-directory post-build
Performing post-build steps
arm-none-eabi-size CG2028AssignS1AY2122.axf; # arm-none-eabi-objcopy -O ihex CG2028AssignS1AY2122.axf CG2028AssignS1AY2122.hex ;
   text	   data	    bss	    dec	    hex	filename
  12488	      0	    392	  12880	   3250	CG2028AssignS1AY2122.axf
 
01:04:00 **** Incremental Build of configuration Debug for project Lib_CMSISv1p30_LPC17xx ****
make all 
make: Nothing to be done for `all'.
01:04:02 **** Incremental Build of configuration Debug for project CG2028AssignS1AY2122 ****
make all 
make: Nothing to be done for `all'.
01:04:33 **** Incremental Build of configuration Debug for project Lib_CMSISv1p30_LPC17xx ****
make all 
make: Nothing to be done for `all'.
01:04:35 **** Incremental Build of configuration Debug for project CG2028AssignS1AY2122 ****
make all 
Building file: ../src/main.c
Invoking: MCU C Compiler
arm-none-eabi-gcc -DDEBUG -D__CODE_RED -D__REDLIB__ -D__USE_CMSIS=CMSISv1p30_LPC17xx -I"C:\Users\Jianning\Desktop\CG2028\CG2028workspace\Lib_CMSISv1p30_LPC17xx\inc" -O0 -g3 -Wall -c -fmessage-length=0 -fno-builtin -ffunction-sections -Wa,-ahlnds=main.asm -mcpu=cortex-m3 -mthumb -MMD -MP -MF"src/main.d" -MT"src/main.d" -o"src/main.o" "../src/main.c"
../src/main.c: In function 'classification_c':
../src/main.c:33:10: warning: unused variable 'n' [-Wunused-variable]
Finished building: ../src/main.c
 
Building target: CG2028AssignS1AY2122.axf
Invoking: MCU Linker
arm-none-eabi-gcc -nostdlib -L"C:\Users\Jianning\Desktop\CG2028\CG2028workspace\Lib_CMSISv1p30_LPC17xx\Debug" -Xlinker --gc-sections -Xlinker -Map=CG2028AssignS1AY2122.map -mcpu=cortex-m3 -mthumb -T "CG2028AssignS1AY2122_Debug.ld" -o"CG2028AssignS1AY2122.axf"  ./src/classification.o ./src/cr_startup_lpc17.o ./src/main.o   -lCMSISv1p30_LPC17xx
Finished building target: CG2028AssignS1AY2122.axf
 
make --no-print-directory post-build
Performing post-build steps
arm-none-eabi-size CG2028AssignS1AY2122.axf; # arm-none-eabi-objcopy -O ihex CG2028AssignS1AY2122.axf CG2028AssignS1AY2122.hex ;
   text	   data	    bss	    dec	    hex	filename
  12488	      0	    392	  12880	   3250	CG2028AssignS1AY2122.axf
 
01:04:37 **** Incremental Build of configuration Debug for project Lib_CMSISv1p30_LPC17xx ****
make all 
make: Nothing to be done for `all'.
01:04:39 **** Incremental Build of configuration Debug for project CG2028AssignS1AY2122 ****
make all 
make: Nothing to be done for `all'.
01:05:05 **** Incremental Build of configuration Debug for project Lib_CMSISv1p30_LPC17xx ****
make all 
make: Nothing to be done for `all'.
01:05:07 **** Incremental Build of configuration Debug for project CG2028AssignS1AY2122 ****
make all 
Building file: ../src/main.c
Invoking: MCU C Compiler
arm-none-eabi-gcc -DDEBUG -D__CODE_RED -D__REDLIB__ -D__USE_CMSIS=CMSISv1p30_LPC17xx -I"C:\Users\Jianning\Desktop\CG2028\CG2028workspace\Lib_CMSISv1p30_LPC17xx\inc" -O0 -g3 -Wall -c -fmessage-length=0 -fno-builtin -ffunction-sections -Wa,-ahlnds=main.asm -mcpu=cortex-m3 -mthumb -MMD -MP -MF"src/main.d" -MT"src/main.d" -o"src/main.o" "../src/main.c"
../src/main.c: In function 'classification_c':
../src/main.c:33:10: warning: unused variable 'n' [-Wunused-variable]
Finished building: ../src/main.c
 
Building target: CG2028AssignS1AY2122.axf
Invoking: MCU Linker
arm-none-eabi-gcc -nostdlib -L"C:\Users\Jianning\Desktop\CG2028\CG2028workspace\Lib_CMSISv1p30_LPC17xx\Debug" -Xlinker --gc-sections -Xlinker -Map=CG2028AssignS1AY2122.map -mcpu=cortex-m3 -mthumb -T "CG2028AssignS1AY2122_Debug.ld" -o"CG2028AssignS1AY2122.axf"  ./src/classification.o ./src/cr_startup_lpc17.o ./src/main.o   -lCMSISv1p30_LPC17xx
Finished building target: CG2028AssignS1AY2122.axf
 
make --no-print-directory post-build
Performing post-build steps
arm-none-eabi-size CG2028AssignS1AY2122.axf; # arm-none-eabi-objcopy -O ihex CG2028AssignS1AY2122.axf CG2028AssignS1AY2122.hex ;
   text	   data	    bss	    dec	    hex	filename
  12488	      0	    392	  12880	   3250	CG2028AssignS1AY2122.axf
 
08:56:45 **** Incremental Build of configuration Debug for project Lib_CMSISv1p30_LPC17xx ****
make all 
make: Nothing to be done for `all'.
08:56:47 **** Incremental Build of configuration Debug for project CG2028AssignS1AY2122 ****
make all 
Building file: ../src/classification.s
Invoking: MCU Assembler
arm-none-eabi-gcc -c -x assembler-with-cpp -DDEBUG -D__CODE_RED -D__REDLIB__ -g3 -mcpu=cortex-m3 -mthumb -o"src/classification.o" "../src/classification.s"
Finished building: ../src/classification.s
 
Building target: CG2028AssignS1AY2122.axf
Invoking: MCU Linker
arm-none-eabi-gcc -nostdlib -L"C:\Users\Jianning\Desktop\CG2028\CG2028workspace\Lib_CMSISv1p30_LPC17xx\Debug" -Xlinker --gc-sections -Xlinker -Map=CG2028AssignS1AY2122.map -mcpu=cortex-m3 -mthumb -T "CG2028AssignS1AY2122_Debug.ld" -o"CG2028AssignS1AY2122.axf"  ./src/classification.o ./src/cr_startup_lpc17.o ./src/main.o   -lCMSISv1p30_LPC17xx
Finished building target: CG2028AssignS1AY2122.axf
 
make --no-print-directory post-build
Performing post-build steps
arm-none-eabi-size CG2028AssignS1AY2122.axf; # arm-none-eabi-objcopy -O ihex CG2028AssignS1AY2122.axf CG2028AssignS1AY2122.hex ;
   text	   data	    bss	    dec	    hex	filename
  12488	      0	    392	  12880	   3250	CG2028AssignS1AY2122.axf
 
08:56:52 **** Incremental Build of configuration Debug for project Lib_CMSISv1p30_LPC17xx ****
make all 
make: Nothing to be done for `all'.
08:56:54 **** Incremental Build of configuration Debug for project CG2028AssignS1AY2122 ****
make all 
make: Nothing to be done for `all'.
09:01:39 **** Incremental Build of configuration Debug for project Lib_CMSISv1p30_LPC17xx ****
make all 
make: Nothing to be done for `all'.
09:01:41 **** Incremental Build of configuration Debug for project CG2028AssignS1AY2122 ****
make all 
Building file: ../src/main.c
Invoking: MCU C Compiler
arm-none-eabi-gcc -DDEBUG -D__CODE_RED -D__REDLIB__ -D__USE_CMSIS=CMSISv1p30_LPC17xx -I"C:\Users\Jianning\Desktop\CG2028\CG2028workspace\Lib_CMSISv1p30_LPC17xx\inc" -O0 -g3 -Wall -c -fmessage-length=0 -fno-builtin -ffunction-sections -Wa,-ahlnds=main.asm -mcpu=cortex-m3 -mthumb -MMD -MP -MF"src/main.d" -MT"src/main.d" -o"src/main.o" "../src/main.c"
../src/main.c: In function 'classification_c':
../src/main.c:33:10: warning: unused variable 'n' [-Wunused-variable]
Finished building: ../src/main.c
 
Building target: CG2028AssignS1AY2122.axf
Invoking: MCU Linker
arm-none-eabi-gcc -nostdlib -L"C:\Users\Jianning\Desktop\CG2028\CG2028workspace\Lib_CMSISv1p30_LPC17xx\Debug" -Xlinker --gc-sections -Xlinker -Map=CG2028AssignS1AY2122.map -mcpu=cortex-m3 -mthumb -T "CG2028AssignS1AY2122_Debug.ld" -o"CG2028AssignS1AY2122.axf"  ./src/classification.o ./src/cr_startup_lpc17.o ./src/main.o   -lCMSISv1p30_LPC17xx
Finished building target: CG2028AssignS1AY2122.axf
 
make --no-print-directory post-build
Performing post-build steps
arm-none-eabi-size CG2028AssignS1AY2122.axf; # arm-none-eabi-objcopy -O ihex CG2028AssignS1AY2122.axf CG2028AssignS1AY2122.hex ;
   text	   data	    bss	    dec	    hex	filename
  12488	      0	    392	  12880	   3250	CG2028AssignS1AY2122.axf
 
09:01:43 **** Incremental Build of configuration Debug for project Lib_CMSISv1p30_LPC17xx ****
make all 
make: Nothing to be done for `all'.
09:01:44 **** Incremental Build of configuration Debug for project CG2028AssignS1AY2122 ****
make all 
make: Nothing to be done for `all'.
09:03:30 **** Build of configuration Debug for project LPC1769_CMSIS_MCU_blinky ****
make all 
Building file: ../src/cr_startup_lpc176x.c
Invoking: MCU C Compiler
arm-none-eabi-gcc -D__USE_CMSIS=CMSISv1p30_LPC17xx -DDEBUG -D__CODE_RED -D__REDLIB__ -I"C:\Users\Jianning\Desktop\CG2028\CG2028workspace\Lib_CMSISv1p30_LPC17xx\inc" -I"C:\Users\Jianning\Desktop\CG2028\CG2028workspace\Lib_MCU\inc" -O0 -Os -g3 -Wall -c -fmessage-length=0 -fno-builtin -ffunction-sections -fdata-sections -mcpu=cortex-m3 -mthumb -MMD -MP -MF"src/cr_startup_lpc176x.d" -MT"src/cr_startup_lpc176x.d" -o "src/cr_startup_lpc176x.o" "../src/cr_startup_lpc176x.c"
Finished building: ../src/cr_startup_lpc176x.c
 
Building file: ../src/main.c
Invoking: MCU C Compiler
arm-none-eabi-gcc -D__USE_CMSIS=CMSISv1p30_LPC17xx -DDEBUG -D__CODE_RED -D__REDLIB__ -I"C:\Users\Jianning\Desktop\CG2028\CG2028workspace\Lib_CMSISv1p30_LPC17xx\inc" -I"C:\Users\Jianning\Desktop\CG2028\CG2028workspace\Lib_MCU\inc" -O0 -g3 -Wall -c -fmessage-length=0 -fno-builtin -ffunction-sections -fdata-sections -mcpu=cortex-m3 -mthumb -MMD -MP -MF"src/main.d" -MT"src/main.d" -o "src/main.o" "../src/main.c"
Finished building: ../src/main.c
 
Building target: LPC1769_CMSIS_MCU_blinky.axf
Invoking: MCU Linker
arm-none-eabi-gcc -nostdlib -L"C:\Users\Jianning\Desktop\CG2028\CG2028workspace\Lib_CMSISv1p30_LPC17xx\Debug" -L"C:\Users\Jianning\Desktop\CG2028\CG2028workspace\Lib_MCU\Debug" -Xlinker -Map=LPC1769_CMSIS_MCU_blinky.map -Xlinker --gc-sections -mcpu=cortex-m3 -mthumb -T "LPC1769_CMSIS_MCU_blinky_Debug.ld" -o "LPC1769_CMSIS_MCU_blinky.axf"  ./src/cr_startup_lpc176x.o ./src/main.o   -lCMSISv1p30_LPC17xx -lLib_MCU
c:/nxp/lpcxpresso_6.1.4_194/lpcxpresso/tools/bin/../lib/gcc/arm-none-eabi/4.6.2/../../../../arm-none-eabi/bin/ld.exe: cannot find -lLib_MCU
collect2: ld returned 1 exit status
make: *** [LPC1769_CMSIS_MCU_blinky.axf] Error 1
09:03:32 **** Build of configuration Debug for project LPC1769_asm_basic ****
make all 
make: Nothing to be done for `all'.
09:03:33 **** Build of configuration Debug for project LPC1769_asm_blinky ****
make all 
make: Nothing to be done for `all'.
09:03:35 **** Build of configuration Debug for project LPC1769_plainC_blinky ****
make all 
Building file: ../src/cr_startup_lpc176x.c
Invoking: MCU C Compiler
arm-none-eabi-gcc -DDEBUG -D__REDLIB__ -O0 -Os -g3 -Wall -c -fmessage-length=0 -fno-builtin -ffunction-sections -fdata-sections -mcpu=cortex-m3 -mthumb -MMD -MP -MF"src/cr_startup_lpc176x.d" -MT"src/cr_startup_lpc176x.d" -o "src/cr_startup_lpc176x.o" "../src/cr_startup_lpc176x.c"
Finished building: ../src/cr_startup_lpc176x.c
 
Building file: ../src/main.c
Invoking: MCU C Compiler
arm-none-eabi-gcc -DDEBUG -D__REDLIB__ -O0 -g3 -Wall -c -fmessage-length=0 -fno-builtin -ffunction-sections -fdata-sections -mcpu=cortex-m3 -mthumb -MMD -MP -MF"src/main.d" -MT"src/main.d" -o "src/main.o" "../src/main.c"
Finished building: ../src/main.c
 
Building target: LPC1769_plainC_blinky.axf
Invoking: MCU Linker
arm-none-eabi-gcc -nostdlib -Xlinker -Map=LPC1769_plainC_blinky.map -Xlinker --gc-sections -mcpu=cortex-m3 -mthumb -T "LPC1769_plainC_blinky_Debug.ld" -o "LPC1769_plainC_blinky.axf"  ./src/cr_startup_lpc176x.o ./src/main.o   
Finished building target: LPC1769_plainC_blinky.axf
 
make --no-print-directory post-build
Performing post-build steps
arm-none-eabi-size LPC1769_plainC_blinky.axf; # arm-none-eabi-objcopy -O binary LPC1769_plainC_blinky.axf LPC1769_plainC_blinky.bin ; checksum -d LPC1769_plainC_blinky.bin;
   text	   data	    bss	    dec	    hex	filename
   2272	      0	    336	   2608	    a30	LPC1769_plainC_blinky.axf
 
09:03:36 **** Build of configuration Debug for project Lib_CMSISv1p30_LPC17xx ****
make all 
make: Nothing to be done for `all'.
09:03:38 **** Build of configuration Debug for project CG2028AssignS1AY2122 ****
make all 
make: Nothing to be done for `all'.
09:03:39 **** Clean-only build of configuration Debug for project Lib_MCU ****
make clean 
rm -rf  ./src/lpc17xx_adc.o ./src/lpc17xx_can.o ./src/lpc17xx_clkpwr.o ./src/lpc17xx_dac.o ./src/lpc17xx_emac.o ./src/lpc17xx_gpio.o ./src/lpc17xx_i2c.o ./src/lpc17xx_i2s.o ./src/lpc17xx_libcfg_default.o ./src/lpc17xx_mcpwm.o ./src/lpc17xx_nvic.o ./src/lpc17xx_pinsel.o ./src/lpc17xx_pwm.o ./src/lpc17xx_qei.o ./src/lpc17xx_rit.o ./src/lpc17xx_rtc.o ./src/lpc17xx_spi.o ./src/lpc17xx_ssp.o ./src/lpc17xx_timer.o ./src/lpc17xx_uart.o ./src/lpc17xx_wdt.o  ./src/lpc17xx_adc.d ./src/lpc17xx_can.d ./src/lpc17xx_clkpwr.d ./src/lpc17xx_dac.d ./src/lpc17xx_emac.d ./src/lpc17xx_gpio.d ./src/lpc17xx_i2c.d ./src/lpc17xx_i2s.d ./src/lpc17xx_libcfg_default.d ./src/lpc17xx_mcpwm.d ./src/lpc17xx_nvic.d ./src/lpc17xx_pinsel.d ./src/lpc17xx_pwm.d ./src/lpc17xx_qei.d ./src/lpc17xx_rit.d ./src/lpc17xx_rtc.d ./src/lpc17xx_spi.d ./src/lpc17xx_ssp.d ./src/lpc17xx_timer.d ./src/lpc17xx_uart.d ./src/lpc17xx_wdt.d  libLib_MCU.a
 
09:03:39 **** Build of configuration Debug for project Lib_MCU ****
make all 
Building file: ../src/lpc17xx_adc.c
Invoking: MCU C Compiler
arm-none-eabi-gcc -DDEBUG -D__CODE_RED -D__REDLIB__ -I"C:\Users\Jianning\Desktop\CG2028\CG2028workspace\Lib_CMSISv1p30_LPC17xx\inc" -I"C:\Users\Jianning\Desktop\CG2028\CG2028workspace\Lib_MCU\inc" -O0 -g3 -Wall -c -fmessage-length=0 -fno-builtin -ffunction-sections -mcpu=cortex-m3 -mthumb -MMD -MP -MF"src/lpc17xx_adc.d" -MT"src/lpc17xx_adc.d" -o "src/lpc17xx_adc.o" "../src/lpc17xx_adc.c"
Finished building: ../src/lpc17xx_adc.c
 
Building file: ../src/lpc17xx_can.c
Invoking: MCU C Compiler
arm-none-eabi-gcc -DDEBUG -D__CODE_RED -D__REDLIB__ -I"C:\Users\Jianning\Desktop\CG2028\CG2028workspace\Lib_CMSISv1p30_LPC17xx\inc" -I"C:\Users\Jianning\Desktop\CG2028\CG2028workspace\Lib_MCU\inc" -O0 -g3 -Wall -c -fmessage-length=0 -fno-builtin -ffunction-sections -mcpu=cortex-m3 -mthumb -MMD -MP -MF"src/lpc17xx_can.d" -MT"src/lpc17xx_can.d" -o "src/lpc17xx_can.o" "../src/lpc17xx_can.c"
../src/lpc17xx_can.c: In function 'CAN_Init':
../src/lpc17xx_can.c:177:11: warning: variable 'temp' set but not used [-Wunused-but-set-variable]
Finished building: ../src/lpc17xx_can.c
 
Building file: ../src/lpc17xx_clkpwr.c
Invoking: MCU C Compiler
arm-none-eabi-gcc -DDEBUG -D__CODE_RED -D__REDLIB__ -I"C:\Users\Jianning\Desktop\CG2028\CG2028workspace\Lib_CMSISv1p30_LPC17xx\inc" -I"C:\Users\Jianning\Desktop\CG2028\CG2028workspace\Lib_MCU\inc" -O0 -g3 -Wall -c -fmessage-length=0 -fno-builtin -ffunction-sections -mcpu=cortex-m3 -mthumb -MMD -MP -MF"src/lpc17xx_clkpwr.d" -MT"src/lpc17xx_clkpwr.d" -o "src/lpc17xx_clkpwr.o" "../src/lpc17xx_clkpwr.c"
Finished building: ../src/lpc17xx_clkpwr.c
 
Building file: ../src/lpc17xx_dac.c
Invoking: MCU C Compiler
arm-none-eabi-gcc -DDEBUG -D__CODE_RED -D__REDLIB__ -I"C:\Users\Jianning\Desktop\CG2028\CG2028workspace\Lib_CMSISv1p30_LPC17xx\inc" -I"C:\Users\Jianning\Desktop\CG2028\CG2028workspace\Lib_MCU\inc" -O0 -g3 -Wall -c -fmessage-length=0 -fno-builtin -ffunction-sections -mcpu=cortex-m3 -mthumb -MMD -MP -MF"src/lpc17xx_dac.d" -MT"src/lpc17xx_dac.d" -o "src/lpc17xx_dac.o" "../src/lpc17xx_dac.c"
Finished building: ../src/lpc17xx_dac.c
 
Building file: ../src/lpc17xx_emac.c
Invoking: MCU C Compiler
arm-none-eabi-gcc -DDEBUG -D__CODE_RED -D__REDLIB__ -I"C:\Users\Jianning\Desktop\CG2028\CG2028workspace\Lib_CMSISv1p30_LPC17xx\inc" -I"C:\Users\Jianning\Desktop\CG2028\CG2028workspace\Lib_MCU\inc" -O0 -g3 -Wall -c -fmessage-length=0 -fno-builtin -ffunction-sections -mcpu=cortex-m3 -mthumb -MMD -MP -MF"src/lpc17xx_emac.d" -MT"src/lpc17xx_emac.d" -o "src/lpc17xx_emac.o" "../src/lpc17xx_emac.c"
Finished building: ../src/lpc17xx_emac.c
 
Building file: ../src/lpc17xx_gpio.c
Invoking: MCU C Compiler
arm-none-eabi-gcc -DDEBUG -D__CODE_RED -D__REDLIB__ -I"C:\Users\Jianning\Desktop\CG2028\CG2028workspace\Lib_CMSISv1p30_LPC17xx\inc" -I"C:\Users\Jianning\Desktop\CG2028\CG2028workspace\Lib_MCU\inc" -O0 -g3 -Wall -c -fmessage-length=0 -fno-builtin -ffunction-sections -mcpu=cortex-m3 -mthumb -MMD -MP -MF"src/lpc17xx_gpio.d" -MT"src/lpc17xx_gpio.d" -o "src/lpc17xx_gpio.o" "../src/lpc17xx_gpio.c"
Finished building: ../src/lpc17xx_gpio.c
 
Building file: ../src/lpc17xx_i2c.c
Invoking: MCU C Compiler
arm-none-eabi-gcc -DDEBUG -D__CODE_RED -D__REDLIB__ -I"C:\Users\Jianning\Desktop\CG2028\CG2028workspace\Lib_CMSISv1p30_LPC17xx\inc" -I"C:\Users\Jianning\Desktop\CG2028\CG2028workspace\Lib_MCU\inc" -O0 -g3 -Wall -c -fmessage-length=0 -fno-builtin -ffunction-sections -mcpu=cortex-m3 -mthumb -MMD -MP -MF"src/lpc17xx_i2c.d" -MT"src/lpc17xx_i2c.d" -o "src/lpc17xx_i2c.o" "../src/lpc17xx_i2c.c"
Finished building: ../src/lpc17xx_i2c.c
 
Building file: ../src/lpc17xx_i2s.c
Invoking: MCU C Compiler
arm-none-eabi-gcc -DDEBUG -D__CODE_RED -D__REDLIB__ -I"C:\Users\Jianning\Desktop\CG2028\CG2028workspace\Lib_CMSISv1p30_LPC17xx\inc" -I"C:\Users\Jianning\Desktop\CG2028\CG2028workspace\Lib_MCU\inc" -O0 -g3 -Wall -c -fmessage-length=0 -fno-builtin -ffunction-sections -mcpu=cortex-m3 -mthumb -MMD -MP -MF"src/lpc17xx_i2s.d" -MT"src/lpc17xx_i2s.d" -o "src/lpc17xx_i2s.o" "../src/lpc17xx_i2s.c"
Finished building: ../src/lpc17xx_i2s.c
 
Building file: ../src/lpc17xx_libcfg_default.c
Invoking: MCU C Compiler
arm-none-eabi-gcc -DDEBUG -D__CODE_RED -D__REDLIB__ -I"C:\Users\Jianning\Desktop\CG2028\CG2028workspace\Lib_CMSISv1p30_LPC17xx\inc" -I"C:\Users\Jianning\Desktop\CG2028\CG2028workspace\Lib_MCU\inc" -O0 -g3 -Wall -c -fmessage-length=0 -fno-builtin -ffunction-sections -mcpu=cortex-m3 -mthumb -MMD -MP -MF"src/lpc17xx_libcfg_default.d" -MT"src/lpc17xx_libcfg_default.d" -o "src/lpc17xx_libcfg_default.o" "../src/lpc17xx_libcfg_default.c"
Finished building: ../src/lpc17xx_libcfg_default.c
 
Building file: ../src/lpc17xx_mcpwm.c
Invoking: MCU C Compiler
arm-none-eabi-gcc -DDEBUG -D__CODE_RED -D__REDLIB__ -I"C:\Users\Jianning\Desktop\CG2028\CG2028workspace\Lib_CMSISv1p30_LPC17xx\inc" -I"C:\Users\Jianning\Desktop\CG2028\CG2028workspace\Lib_MCU\inc" -O0 -g3 -Wall -c -fmessage-length=0 -fno-builtin -ffunction-sections -mcpu=cortex-m3 -mthumb -MMD -MP -MF"src/lpc17xx_mcpwm.d" -MT"src/lpc17xx_mcpwm.d" -o "src/lpc17xx_mcpwm.o" "../src/lpc17xx_mcpwm.c"
Finished building: ../src/lpc17xx_mcpwm.c
 
Building file: ../src/lpc17xx_nvic.c
Invoking: MCU C Compiler
arm-none-eabi-gcc -DDEBUG -D__CODE_RED -D__REDLIB__ -I"C:\Users\Jianning\Desktop\CG2028\CG2028workspace\Lib_CMSISv1p30_LPC17xx\inc" -I"C:\Users\Jianning\Desktop\CG2028\CG2028workspace\Lib_MCU\inc" -O0 -g3 -Wall -c -fmessage-length=0 -fno-builtin -ffunction-sections -mcpu=cortex-m3 -mthumb -MMD -MP -MF"src/lpc17xx_nvic.d" -MT"src/lpc17xx_nvic.d" -o "src/lpc17xx_nvic.o" "../src/lpc17xx_nvic.c"
Finished building: ../src/lpc17xx_nvic.c
 
Building file: ../src/lpc17xx_pinsel.c
Invoking: MCU C Compiler
arm-none-eabi-gcc -DDEBUG -D__CODE_RED -D__REDLIB__ -I"C:\Users\Jianning\Desktop\CG2028\CG2028workspace\Lib_CMSISv1p30_LPC17xx\inc" -I"C:\Users\Jianning\Desktop\CG2028\CG2028workspace\Lib_MCU\inc" -O0 -g3 -Wall -c -fmessage-length=0 -fno-builtin -ffunction-sections -mcpu=cortex-m3 -mthumb -MMD -MP -MF"src/lpc17xx_pinsel.d" -MT"src/lpc17xx_pinsel.d" -o "src/lpc17xx_pinsel.o" "../src/lpc17xx_pinsel.c"
Finished building: ../src/lpc17xx_pinsel.c
 
Building file: ../src/lpc17xx_pwm.c
Invoking: MCU C Compiler
arm-none-eabi-gcc -DDEBUG -D__CODE_RED -D__REDLIB__ -I"C:\Users\Jianning\Desktop\CG2028\CG2028workspace\Lib_CMSISv1p30_LPC17xx\inc" -I"C:\Users\Jianning\Desktop\CG2028\CG2028workspace\Lib_MCU\inc" -O0 -g3 -Wall -c -fmessage-length=0 -fno-builtin -ffunction-sections -mcpu=cortex-m3 -mthumb -MMD -MP -MF"src/lpc17xx_pwm.d" -MT"src/lpc17xx_pwm.d" -o "src/lpc17xx_pwm.o" "../src/lpc17xx_pwm.c"
Finished building: ../src/lpc17xx_pwm.c
 
Building file: ../src/lpc17xx_qei.c
Invoking: MCU C Compiler
arm-none-eabi-gcc -DDEBUG -D__CODE_RED -D__REDLIB__ -I"C:\Users\Jianning\Desktop\CG2028\CG2028workspace\Lib_CMSISv1p30_LPC17xx\inc" -I"C:\Users\Jianning\Desktop\CG2028\CG2028workspace\Lib_MCU\inc" -O0 -g3 -Wall -c -fmessage-length=0 -fno-builtin -ffunction-sections -mcpu=cortex-m3 -mthumb -MMD -MP -MF"src/lpc17xx_qei.d" -MT"src/lpc17xx_qei.d" -o "src/lpc17xx_qei.o" "../src/lpc17xx_qei.c"
Finished building: ../src/lpc17xx_qei.c
 
Building file: ../src/lpc17xx_rit.c
Invoking: MCU C Compiler
arm-none-eabi-gcc -DDEBUG -D__CODE_RED -D__REDLIB__ -I"C:\Users\Jianning\Desktop\CG2028\CG2028workspace\Lib_CMSISv1p30_LPC17xx\inc" -I"C:\Users\Jianning\Desktop\CG2028\CG2028workspace\Lib_MCU\inc" -O0 -g3 -Wall -c -fmessage-length=0 -fno-builtin -ffunction-sections -mcpu=cortex-m3 -mthumb -MMD -MP -MF"src/lpc17xx_rit.d" -MT"src/lpc17xx_rit.d" -o "src/lpc17xx_rit.o" "../src/lpc17xx_rit.c"
Finished building: ../src/lpc17xx_rit.c
 
Building file: ../src/lpc17xx_rtc.c
Invoking: MCU C Compiler
arm-none-eabi-gcc -DDEBUG -D__CODE_RED -D__REDLIB__ -I"C:\Users\Jianning\Desktop\CG2028\CG2028workspace\Lib_CMSISv1p30_LPC17xx\inc" -I"C:\Users\Jianning\Desktop\CG2028\CG2028workspace\Lib_MCU\inc" -O0 -g3 -Wall -c -fmessage-length=0 -fno-builtin -ffunction-sections -mcpu=cortex-m3 -mthumb -MMD -MP -MF"src/lpc17xx_rtc.d" -MT"src/lpc17xx_rtc.d" -o "src/lpc17xx_rtc.o" "../src/lpc17xx_rtc.c"
Finished building: ../src/lpc17xx_rtc.c
 
Building file: ../src/lpc17xx_spi.c
Invoking: MCU C Compiler
arm-none-eabi-gcc -DDEBUG -D__CODE_RED -D__REDLIB__ -I"C:\Users\Jianning\Desktop\CG2028\CG2028workspace\Lib_CMSISv1p30_LPC17xx\inc" -I"C:\Users\Jianning\Desktop\CG2028\CG2028workspace\Lib_MCU\inc" -O0 -g3 -Wall -c -fmessage-length=0 -fno-builtin -ffunction-sections -mcpu=cortex-m3 -mthumb -MMD -MP -MF"src/lpc17xx_spi.d" -MT"src/lpc17xx_spi.d" -o "src/lpc17xx_spi.o" "../src/lpc17xx_spi.c"
Finished building: ../src/lpc17xx_spi.c
 
Building file: ../src/lpc17xx_ssp.c
Invoking: MCU C Compiler
arm-none-eabi-gcc -DDEBUG -D__CODE_RED -D__REDLIB__ -I"C:\Users\Jianning\Desktop\CG2028\CG2028workspace\Lib_CMSISv1p30_LPC17xx\inc" -I"C:\Users\Jianning\Desktop\CG2028\CG2028workspace\Lib_MCU\inc" -O0 -g3 -Wall -c -fmessage-length=0 -fno-builtin -ffunction-sections -mcpu=cortex-m3 -mthumb -MMD -MP -MF"src/lpc17xx_ssp.d" -MT"src/lpc17xx_ssp.d" -o "src/lpc17xx_ssp.o" "../src/lpc17xx_ssp.c"
Finished building: ../src/lpc17xx_ssp.c
 
Building file: ../src/lpc17xx_timer.c
Invoking: MCU C Compiler
arm-none-eabi-gcc -DDEBUG -D__CODE_RED -D__REDLIB__ -I"C:\Users\Jianning\Desktop\CG2028\CG2028workspace\Lib_CMSISv1p30_LPC17xx\inc" -I"C:\Users\Jianning\Desktop\CG2028\CG2028workspace\Lib_MCU\inc" -O0 -g3 -Wall -c -fmessage-length=0 -fno-builtin -ffunction-sections -mcpu=cortex-m3 -mthumb -MMD -MP -MF"src/lpc17xx_timer.d" -MT"src/lpc17xx_timer.d" -o "src/lpc17xx_timer.o" "../src/lpc17xx_timer.c"
../src/lpc17xx_timer.c: In function 'TIM_Init':
../src/lpc17xx_timer.c:244:11: warning: variable 'timer' set but not used [-Wunused-but-set-variable]
../src/lpc17xx_timer.c: In function 'TIM_ConfigMatch':
../src/lpc17xx_timer.c:389:11: warning: variable 'timer' set but not used [-Wunused-but-set-variable]
../src/lpc17xx_timer.c: In function 'TIM_ConfigCapture':
../src/lpc17xx_timer.c:436:11: warning: variable 'timer' set but not used [-Wunused-but-set-variable]
Finished building: ../src/lpc17xx_timer.c
 
Building file: ../src/lpc17xx_uart.c
Invoking: MCU C Compiler
arm-none-eabi-gcc -DDEBUG -D__CODE_RED -D__REDLIB__ -I"C:\Users\Jianning\Desktop\CG2028\CG2028workspace\Lib_CMSISv1p30_LPC17xx\inc" -I"C:\Users\Jianning\Desktop\CG2028\CG2028workspace\Lib_MCU\inc" -O0 -g3 -Wall -c -fmessage-length=0 -fno-builtin -ffunction-sections -mcpu=cortex-m3 -mthumb -MMD -MP -MF"src/lpc17xx_uart.d" -MT"src/lpc17xx_uart.d" -o "src/lpc17xx_uart.o" "../src/lpc17xx_uart.c"
../src/lpc17xx_uart.c: In function 'UART_SendString':
../src/lpc17xx_uart.c:1394:2: warning: implicit declaration of function 'strlen' [-Wimplicit-function-declaration]
Finished building: ../src/lpc17xx_uart.c
 
Building file: ../src/lpc17xx_wdt.c
Invoking: MCU C Compiler
arm-none-eabi-gcc -DDEBUG -D__CODE_RED -D__REDLIB__ -I"C:\Users\Jianning\Desktop\CG2028\CG2028workspace\Lib_CMSISv1p30_LPC17xx\inc" -I"C:\Users\Jianning\Desktop\CG2028\CG2028workspace\Lib_MCU\inc" -O0 -g3 -Wall -c -fmessage-length=0 -fno-builtin -ffunction-sections -mcpu=cortex-m3 -mthumb -MMD -MP -MF"src/lpc17xx_wdt.d" -MT"src/lpc17xx_wdt.d" -o "src/lpc17xx_wdt.o" "../src/lpc17xx_wdt.c"
Finished building: ../src/lpc17xx_wdt.c
 
Building target: libLib_MCU.a
Invoking: MCU Archiver
arm-none-eabi-ar -r  "libLib_MCU.a"  ./src/lpc17xx_adc.o ./src/lpc17xx_can.o ./src/lpc17xx_clkpwr.o ./src/lpc17xx_dac.o ./src/lpc17xx_emac.o ./src/lpc17xx_gpio.o ./src/lpc17xx_i2c.o ./src/lpc17xx_i2s.o ./src/lpc17xx_libcfg_default.o ./src/lpc17xx_mcpwm.o ./src/lpc17xx_nvic.o ./src/lpc17xx_pinsel.o ./src/lpc17xx_pwm.o ./src/lpc17xx_qei.o ./src/lpc17xx_rit.o ./src/lpc17xx_rtc.o ./src/lpc17xx_spi.o ./src/lpc17xx_ssp.o ./src/lpc17xx_timer.o ./src/lpc17xx_uart.o ./src/lpc17xx_wdt.o   
c:\nxp\LPCXpresso_6.1.4_194\lpcxpresso\tools\bin\arm-none-eabi-ar.exe: creating libLib_MCU.a
Finished building target: libLib_MCU.a
 
make --no-print-directory post-build
Performing post-build steps
arm-none-eabi-size libLib_MCU.a ; # arm-none-eabi-objdump -h -S libLib_MCU.a >libLib_MCU.lss
   text	   data	    bss	    dec	    hex	filename
   1428	      0	      0	   1428	    594	lpc17xx_adc.o (ex libLib_MCU.a)
  14060	     16	     60	  14136	   3738	lpc17xx_can.o (ex libLib_MCU.a)
    684	      0	      0	    684	    2ac	lpc17xx_clkpwr.o (ex libLib_MCU.a)
    428	      0	      0	    428	    1ac	lpc17xx_dac.o (ex libLib_MCU.a)
   3460	      0	  10896	  14356	   3814	lpc17xx_emac.o (ex libLib_MCU.a)
   1720	      0	      0	   1720	    6b8	lpc17xx_gpio.o (ex libLib_MCU.a)
   5240	      0	     36	   5276	   149c	lpc17xx_i2c.o (ex libLib_MCU.a)
   3372	      0	      8	   3380	    d34	lpc17xx_i2s.o (ex libLib_MCU.a)
     12	      0	      0	     12	      c	lpc17xx_libcfg_default.o (ex libLib_MCU.a)
   2016	      0	      0	   2016	    7e0	lpc17xx_mcpwm.o (ex libLib_MCU.a)
    352	      0	      0	    352	    160	lpc17xx_nvic.o (ex libLib_MCU.a)
    664	      0	      0	    664	    298	lpc17xx_pinsel.o (ex libLib_MCU.a)
   2996	      0	      0	   2996	    bb4	lpc17xx_pwm.o (ex libLib_MCU.a)
   2388	      0	      0	   2388	    954	lpc17xx_qei.o (ex libLib_MCU.a)
    736	      0	      0	    736	    2e0	lpc17xx_rit.o (ex libLib_MCU.a)
   4308	      0	      0	   4308	   10d4	lpc17xx_rtc.o (ex libLib_MCU.a)
   2012	      0	     12	   2024	    7e8	lpc17xx_spi.o (ex libLib_MCU.a)
   4068	      0	     24	   4092	    ffc	lpc17xx_ssp.o (ex libLib_MCU.a)
   3044	      0	      0	   3044	    be4	lpc17xx_timer.o (ex libLib_MCU.a)
   6748	      0	     68	   6816	   1aa0	lpc17xx_uart.o (ex libLib_MCU.a)
    852	      0	      0	    852	    354	lpc17xx_wdt.o (ex libLib_MCU.a)
 
09:03:45 **** Clean-only build of configuration Debug for project Lib_EaBaseBoard ****
make clean 
rm -rf  ./src/acc.o ./src/eeprom.o ./src/flash.o ./src/font5x7.o ./src/joystick.o ./src/led7seg.o ./src/light.o ./src/oled.o ./src/pca9532.o ./src/rgb.o ./src/rotary.o ./src/temp.o ./src/uart2.o  ./src/acc.d ./src/eeprom.d ./src/flash.d ./src/font5x7.d ./src/joystick.d ./src/led7seg.d ./src/light.d ./src/oled.d ./src/pca9532.d ./src/rgb.d ./src/rotary.d ./src/temp.d ./src/uart2.d  libLib_EaBaseBoard.a
 
09:03:46 **** Build of configuration Debug for project Lib_EaBaseBoard ****
make all 
Building file: ../src/acc.c
Invoking: MCU C Compiler
arm-none-eabi-gcc -DDEBUG -D__CODE_RED -D__REDLIB__ -I"C:\Users\Jianning\Desktop\CG2028\CG2028workspace\Lib_CMSISv1p30_LPC17xx\inc" -I"C:\Users\Jianning\Desktop\CG2028\CG2028workspace\Lib_EaBaseBoard\inc" -I"C:\Users\Jianning\Desktop\CG2028\CG2028workspace\Lib_MCU\inc" -O0 -g3 -Wall -c -fmessage-length=0 -fno-builtin -ffunction-sections -mcpu=cortex-m3 -mthumb -MMD -MP -MF"src/acc.d" -MT"src/acc.d" -o "src/acc.o" "../src/acc.c"
Finished building: ../src/acc.c
 
Building file: ../src/eeprom.c
Invoking: MCU C Compiler
arm-none-eabi-gcc -DDEBUG -D__CODE_RED -D__REDLIB__ -I"C:\Users\Jianning\Desktop\CG2028\CG2028workspace\Lib_CMSISv1p30_LPC17xx\inc" -I"C:\Users\Jianning\Desktop\CG2028\CG2028workspace\Lib_EaBaseBoard\inc" -I"C:\Users\Jianning\Desktop\CG2028\CG2028workspace\Lib_MCU\inc" -O0 -g3 -Wall -c -fmessage-length=0 -fno-builtin -ffunction-sections -mcpu=cortex-m3 -mthumb -MMD -MP -MF"src/eeprom.d" -MT"src/eeprom.d" -o "src/eeprom.o" "../src/eeprom.c"
Finished building: ../src/eeprom.c
 
Building file: ../src/flash.c
Invoking: MCU C Compiler
arm-none-eabi-gcc -DDEBUG -D__CODE_RED -D__REDLIB__ -I"C:\Users\Jianning\Desktop\CG2028\CG2028workspace\Lib_CMSISv1p30_LPC17xx\inc" -I"C:\Users\Jianning\Desktop\CG2028\CG2028workspace\Lib_EaBaseBoard\inc" -I"C:\Users\Jianning\Desktop\CG2028\CG2028workspace\Lib_MCU\inc" -O0 -g3 -Wall -c -fmessage-length=0 -fno-builtin -ffunction-sections -mcpu=cortex-m3 -mthumb -MMD -MP -MF"src/flash.d" -MT"src/flash.d" -o "src/flash.o" "../src/flash.c"
Finished building: ../src/flash.c
 
Building file: ../src/font5x7.c
Invoking: MCU C Compiler
arm-none-eabi-gcc -DDEBUG -D__CODE_RED -D__REDLIB__ -I"C:\Users\Jianning\Desktop\CG2028\CG2028workspace\Lib_CMSISv1p30_LPC17xx\inc" -I"C:\Users\Jianning\Desktop\CG2028\CG2028workspace\Lib_EaBaseBoard\inc" -I"C:\Users\Jianning\Desktop\CG2028\CG2028workspace\Lib_MCU\inc" -O0 -g3 -Wall -c -fmessage-length=0 -fno-builtin -ffunction-sections -mcpu=cortex-m3 -mthumb -MMD -MP -MF"src/font5x7.d" -MT"src/font5x7.d" -o "src/font5x7.o" "../src/font5x7.c"
Finished building: ../src/font5x7.c
 
Building file: ../src/joystick.c
Invoking: MCU C Compiler
arm-none-eabi-gcc -DDEBUG -D__CODE_RED -D__REDLIB__ -I"C:\Users\Jianning\Desktop\CG2028\CG2028workspace\Lib_CMSISv1p30_LPC17xx\inc" -I"C:\Users\Jianning\Desktop\CG2028\CG2028workspace\Lib_EaBaseBoard\inc" -I"C:\Users\Jianning\Desktop\CG2028\CG2028workspace\Lib_MCU\inc" -O0 -g3 -Wall -c -fmessage-length=0 -fno-builtin -ffunction-sections -mcpu=cortex-m3 -mthumb -MMD -MP -MF"src/joystick.d" -MT"src/joystick.d" -o "src/joystick.o" "../src/joystick.c"
Finished building: ../src/joystick.c
 
Building file: ../src/led7seg.c
Invoking: MCU C Compiler
arm-none-eabi-gcc -DDEBUG -D__CODE_RED -D__REDLIB__ -I"C:\Users\Jianning\Desktop\CG2028\CG2028workspace\Lib_CMSISv1p30_LPC17xx\inc" -I"C:\Users\Jianning\Desktop\CG2028\CG2028workspace\Lib_EaBaseBoard\inc" -I"C:\Users\Jianning\Desktop\CG2028\CG2028workspace\Lib_MCU\inc" -O0 -g3 -Wall -c -fmessage-length=0 -fno-builtin -ffunction-sections -mcpu=cortex-m3 -mthumb -MMD -MP -MF"src/led7seg.d" -MT"src/led7seg.d" -o "src/led7seg.o" "../src/led7seg.c"
Finished building: ../src/led7seg.c
 
Building file: ../src/light.c
Invoking: MCU C Compiler
arm-none-eabi-gcc -DDEBUG -D__CODE_RED -D__REDLIB__ -I"C:\Users\Jianning\Desktop\CG2028\CG2028workspace\Lib_CMSISv1p30_LPC17xx\inc" -I"C:\Users\Jianning\Desktop\CG2028\CG2028workspace\Lib_EaBaseBoard\inc" -I"C:\Users\Jianning\Desktop\CG2028\CG2028workspace\Lib_MCU\inc" -O0 -g3 -Wall -c -fmessage-length=0 -fno-builtin -ffunction-sections -mcpu=cortex-m3 -mthumb -MMD -MP -MF"src/light.d" -MT"src/light.d" -o "src/light.o" "../src/light.c"
Finished building: ../src/light.c
 
Building file: ../src/oled.c
Invoking: MCU C Compiler
arm-none-eabi-gcc -DDEBUG -D__CODE_RED -D__REDLIB__ -I"C:\Users\Jianning\Desktop\CG2028\CG2028workspace\Lib_CMSISv1p30_LPC17xx\inc" -I"C:\Users\Jianning\Desktop\CG2028\CG2028workspace\Lib_EaBaseBoard\inc" -I"C:\Users\Jianning\Desktop\CG2028\CG2028workspace\Lib_MCU\inc" -O0 -g3 -Wall -c -fmessage-length=0 -fno-builtin -ffunction-sections -mcpu=cortex-m3 -mthumb -MMD -MP -MF"src/oled.d" -MT"src/oled.d" -o "src/oled.o" "../src/oled.c"
Finished building: ../src/oled.c
 
Building file: ../src/pca9532.c
Invoking: MCU C Compiler
arm-none-eabi-gcc -DDEBUG -D__CODE_RED -D__REDLIB__ -I"C:\Users\Jianning\Desktop\CG2028\CG2028workspace\Lib_CMSISv1p30_LPC17xx\inc" -I"C:\Users\Jianning\Desktop\CG2028\CG2028workspace\Lib_EaBaseBoard\inc" -I"C:\Users\Jianning\Desktop\CG2028\CG2028workspace\Lib_MCU\inc" -O0 -g3 -Wall -c -fmessage-length=0 -fno-builtin -ffunction-sections -mcpu=cortex-m3 -mthumb -MMD -MP -MF"src/pca9532.d" -MT"src/pca9532.d" -o "src/pca9532.o" "../src/pca9532.c"
Finished building: ../src/pca9532.c
 
Building file: ../src/rgb.c
Invoking: MCU C Compiler
arm-none-eabi-gcc -DDEBUG -D__CODE_RED -D__REDLIB__ -I"C:\Users\Jianning\Desktop\CG2028\CG2028workspace\Lib_CMSISv1p30_LPC17xx\inc" -I"C:\Users\Jianning\Desktop\CG2028\CG2028workspace\Lib_EaBaseBoard\inc" -I"C:\Users\Jianning\Desktop\CG2028\CG2028workspace\Lib_MCU\inc" -O0 -g3 -Wall -c -fmessage-length=0 -fno-builtin -ffunction-sections -mcpu=cortex-m3 -mthumb -MMD -MP -MF"src/rgb.d" -MT"src/rgb.d" -o "src/rgb.o" "../src/rgb.c"
Finished building: ../src/rgb.c
 
Building file: ../src/rotary.c
Invoking: MCU C Compiler
arm-none-eabi-gcc -DDEBUG -D__CODE_RED -D__REDLIB__ -I"C:\Users\Jianning\Desktop\CG2028\CG2028workspace\Lib_CMSISv1p30_LPC17xx\inc" -I"C:\Users\Jianning\Desktop\CG2028\CG2028workspace\Lib_EaBaseBoard\inc" -I"C:\Users\Jianning\Desktop\CG2028\CG2028workspace\Lib_MCU\inc" -O0 -g3 -Wall -c -fmessage-length=0 -fno-builtin -ffunction-sections -mcpu=cortex-m3 -mthumb -MMD -MP -MF"src/rotary.d" -MT"src/rotary.d" -o "src/rotary.o" "../src/rotary.c"
Finished building: ../src/rotary.c
 
Building file: ../src/temp.c
Invoking: MCU C Compiler
arm-none-eabi-gcc -DDEBUG -D__CODE_RED -D__REDLIB__ -I"C:\Users\Jianning\Desktop\CG2028\CG2028workspace\Lib_CMSISv1p30_LPC17xx\inc" -I"C:\Users\Jianning\Desktop\CG2028\CG2028workspace\Lib_EaBaseBoard\inc" -I"C:\Users\Jianning\Desktop\CG2028\CG2028workspace\Lib_MCU\inc" -O0 -g3 -Wall -c -fmessage-length=0 -fno-builtin -ffunction-sections -mcpu=cortex-m3 -mthumb -MMD -MP -MF"src/temp.d" -MT"src/temp.d" -o "src/temp.o" "../src/temp.c"
Finished building: ../src/temp.c
 
Building file: ../src/uart2.c
Invoking: MCU C Compiler
arm-none-eabi-gcc -DDEBUG -D__CODE_RED -D__REDLIB__ -I"C:\Users\Jianning\Desktop\CG2028\CG2028workspace\Lib_CMSISv1p30_LPC17xx\inc" -I"C:\Users\Jianning\Desktop\CG2028\CG2028workspace\Lib_EaBaseBoard\inc" -I"C:\Users\Jianning\Desktop\CG2028\CG2028workspace\Lib_MCU\inc" -O0 -g3 -Wall -c -fmessage-length=0 -fno-builtin -ffunction-sections -mcpu=cortex-m3 -mthumb -MMD -MP -MF"src/uart2.d" -MT"src/uart2.d" -o "src/uart2.o" "../src/uart2.c"
Finished building: ../src/uart2.c
 
Building target: libLib_EaBaseBoard.a
Invoking: MCU Archiver
arm-none-eabi-ar -r  "libLib_EaBaseBoard.a"  ./src/acc.o ./src/eeprom.o ./src/flash.o ./src/font5x7.o ./src/joystick.o ./src/led7seg.o ./src/light.o ./src/oled.o ./src/pca9532.o ./src/rgb.o ./src/rotary.o ./src/temp.o ./src/uart2.o   
c:\nxp\LPCXpresso_6.1.4_194\lpcxpresso\tools\bin\arm-none-eabi-ar.exe: creating libLib_EaBaseBoard.a
Finished building target: libLib_EaBaseBoard.a
 
make --no-print-directory post-build
Performing post-build steps
arm-none-eabi-size libLib_EaBaseBoard.a ; # arm-none-eabi-objdump -h -S libLib_EaBaseBoard.a >libLib_EaBaseBoard.lss
   text	   data	    bss	    dec	    hex	filename
[...]
 
14:40:25 **** Incremental Build of configuration Debug for project Lib_CMSISv1p30_LPC17xx ****
make all 
make: Nothing to be done for `all'.
14:40:28 **** Incremental Build of configuration Debug for project CG2028AssignS1AY2122 ****
make all 
make: Nothing to be done for `all'.
14:40:34 **** Incremental Build of configuration Debug for project Lib_CMSISv1p30_LPC17xx ****
make all 
make: Nothing to be done for `all'.
14:40:37 **** Incremental Build of configuration Debug for project CG2028AssignS1AY2122 ****
make all 
make: Nothing to be done for `all'.
14:43:44 **** Incremental Build of configuration Debug for project Lib_CMSISv1p30_LPC17xx ****
make all 
make: Nothing to be done for `all'.
14:43:47 **** Incremental Build of configuration Debug for project CG2028AssignS1AY2122 ****
make all 
make: Nothing to be done for `all'.
14:45:21 **** Incremental Build of configuration Debug for project Lib_CMSISv1p30_LPC17xx ****
make all 
make: Nothing to be done for `all'.
14:45:24 **** Incremental Build of configuration Debug for project CG2028AssignS1AY2122 ****
make all 
make: Nothing to be done for `all'.
14:45:28 **** Incremental Build of configuration Debug for project Lib_CMSISv1p30_LPC17xx ****
make all 
make: Nothing to be done for `all'.
14:45:32 **** Incremental Build of configuration Debug for project CG2028AssignS1AY2122 ****
make all 
make: Nothing to be done for `all'.
14:47:55 **** Incremental Build of configuration Debug for project Lib_CMSISv1p30_LPC17xx ****
make all 
make: Nothing to be done for `all'.
14:48:05 **** Incremental Build of configuration Debug for project CG2028AssignS1AY2122 ****
make all 
make: Nothing to be done for `all'.
14:48:07 **** Incremental Build of configuration Debug for project Lib_CMSISv1p30_LPC17xx ****
make all 
make: Nothing to be done for `all'.
14:48:13 **** Incremental Build of configuration Debug for project CG2028AssignS1AY2122 ****
make all 
make: Nothing to be done for `all'.
14:52:12 **** Incremental Build of configuration Debug for project Lib_CMSISv1p30_LPC17xx ****
make all 
make: Nothing to be done for `all'.
14:52:20 **** Incremental Build of configuration Debug for project CG2028AssignS1AY2122 ****
make all 
Building file: ../src/main.c
Invoking: MCU C Compiler
arm-none-eabi-gcc -DDEBUG -D__CODE_RED -D__REDLIB__ -D__USE_CMSIS=CMSISv1p30_LPC17xx -I"C:\Users\Jianning\Desktop\CG2028\CG2028workspace\Lib_CMSISv1p30_LPC17xx\inc" -O0 -g3 -Wall -c -fmessage-length=0 -fno-builtin -ffunction-sections -Wa,-ahlnds=main.asm -mcpu=cortex-m3 -mthumb -MMD -MP -MF"src/main.d" -MT"src/main.d" -o"src/main.o" "../src/main.c"
Finished building: ../src/main.c
 
Building target: CG2028AssignS1AY2122.axf
Invoking: MCU Linker
arm-none-eabi-gcc -nostdlib -L"C:\Users\Jianning\Desktop\CG2028\CG2028workspace\Lib_CMSISv1p30_LPC17xx\Debug" -Xlinker --gc-sections -Xlinker -Map=CG2028AssignS1AY2122.map -mcpu=cortex-m3 -mthumb -T "CG2028AssignS1AY2122_Debug.ld" -o"CG2028AssignS1AY2122.axf"  ./src/classification.o ./src/cr_startup_lpc17.o ./src/main.o   -lCMSISv1p30_LPC17xx
Finished building target: CG2028AssignS1AY2122.axf
 
make --no-print-directory post-build
Performing post-build steps
arm-none-eabi-size CG2028AssignS1AY2122.axf; # arm-none-eabi-objcopy -O ihex CG2028AssignS1AY2122.axf CG2028AssignS1AY2122.hex ;
   text	   data	    bss	    dec	    hex	filename
  12488	      0	    336	  12824	   3218	CG2028AssignS1AY2122.axf
 
14:52:29 **** Incremental Build of configuration Debug for project Lib_CMSISv1p30_LPC17xx ****
make all 
make: Nothing to be done for `all'.
14:52:35 **** Incremental Build of configuration Debug for project CG2028AssignS1AY2122 ****
make all 
make: Nothing to be done for `all'.
14:57:49 **** Incremental Build of configuration Debug for project Lib_CMSISv1p30_LPC17xx ****
make all 
make: Nothing to be done for `all'.
14:57:53 **** Incremental Build of configuration Debug for project CG2028AssignS1AY2122 ****
make all 
Building file: ../src/main.c
Invoking: MCU C Compiler
arm-none-eabi-gcc -DDEBUG -D__CODE_RED -D__REDLIB__ -D__USE_CMSIS=CMSISv1p30_LPC17xx -I"C:\Users\Jianning\Desktop\CG2028\CG2028workspace\Lib_CMSISv1p30_LPC17xx\inc" -O0 -g3 -Wall -c -fmessage-length=0 -fno-builtin -ffunction-sections -Wa,-ahlnds=main.asm -mcpu=cortex-m3 -mthumb -MMD -MP -MF"src/main.d" -MT"src/main.d" -o"src/main.o" "../src/main.c"
Finished building: ../src/main.c
 
Building target: CG2028AssignS1AY2122.axf
Invoking: MCU Linker
arm-none-eabi-gcc -nostdlib -L"C:\Users\Jianning\Desktop\CG2028\CG2028workspace\Lib_CMSISv1p30_LPC17xx\Debug" -Xlinker --gc-sections -Xlinker -Map=CG2028AssignS1AY2122.map -mcpu=cortex-m3 -mthumb -T "CG2028AssignS1AY2122_Debug.ld" -o"CG2028AssignS1AY2122.axf"  ./src/classification.o ./src/cr_startup_lpc17.o ./src/main.o   -lCMSISv1p30_LPC17xx
Finished building target: CG2028AssignS1AY2122.axf
 
make --no-print-directory post-build
Performing post-build steps
arm-none-eabi-size CG2028AssignS1AY2122.axf; # arm-none-eabi-objcopy -O ihex CG2028AssignS1AY2122.axf CG2028AssignS1AY2122.hex ;
   text	   data	    bss	    dec	    hex	filename
  12488	      0	    336	  12824	   3218	CG2028AssignS1AY2122.axf
 
14:57:55 **** Incremental Build of configuration Debug for project Lib_CMSISv1p30_LPC17xx ****
make all 
make: Nothing to be done for `all'.
14:57:59 **** Incremental Build of configuration Debug for project CG2028AssignS1AY2122 ****
make all 
make: Nothing to be done for `all'.
14:58:53 **** Incremental Build of configuration Debug for project Lib_CMSISv1p30_LPC17xx ****
make all 
make: Nothing to be done for `all'.
14:58:56 **** Incremental Build of configuration Debug for project CG2028AssignS1AY2122 ****
make all 
Building file: ../src/main.c
Invoking: MCU C Compiler
arm-none-eabi-gcc -DDEBUG -D__CODE_RED -D__REDLIB__ -D__USE_CMSIS=CMSISv1p30_LPC17xx -I"C:\Users\Jianning\Desktop\CG2028\CG2028workspace\Lib_CMSISv1p30_LPC17xx\inc" -O0 -g3 -Wall -c -fmessage-length=0 -fno-builtin -ffunction-sections -Wa,-ahlnds=main.asm -mcpu=cortex-m3 -mthumb -MMD -MP -MF"src/main.d" -MT"src/main.d" -o"src/main.o" "../src/main.c"
Finished building: ../src/main.c
 
Building target: CG2028AssignS1AY2122.axf
Invoking: MCU Linker
arm-none-eabi-gcc -nostdlib -L"C:\Users\Jianning\Desktop\CG2028\CG2028workspace\Lib_CMSISv1p30_LPC17xx\Debug" -Xlinker --gc-sections -Xlinker -Map=CG2028AssignS1AY2122.map -mcpu=cortex-m3 -mthumb -T "CG2028AssignS1AY2122_Debug.ld" -o"CG2028AssignS1AY2122.axf"  ./src/classification.o ./src/cr_startup_lpc17.o ./src/main.o   -lCMSISv1p30_LPC17xx
Finished building target: CG2028AssignS1AY2122.axf
 
make --no-print-directory post-build
Performing post-build steps
arm-none-eabi-size CG2028AssignS1AY2122.axf; # arm-none-eabi-objcopy -O ihex CG2028AssignS1AY2122.axf CG2028AssignS1AY2122.hex ;
   text	   data	    bss	    dec	    hex	filename
  12488	      0	    336	  12824	   3218	CG2028AssignS1AY2122.axf
 
14:59:38 **** Incremental Build of configuration Debug for project Lib_CMSISv1p30_LPC17xx ****
make all 
make: Nothing to be done for `all'.
14:59:42 **** Incremental Build of configuration Debug for project CG2028AssignS1AY2122 ****
make all 
Building file: ../src/main.c
Invoking: MCU C Compiler
arm-none-eabi-gcc -DDEBUG -D__CODE_RED -D__REDLIB__ -D__USE_CMSIS=CMSISv1p30_LPC17xx -I"C:\Users\Jianning\Desktop\CG2028\CG2028workspace\Lib_CMSISv1p30_LPC17xx\inc" -O0 -g3 -Wall -c -fmessage-length=0 -fno-builtin -ffunction-sections -Wa,-ahlnds=main.asm -mcpu=cortex-m3 -mthumb -MMD -MP -MF"src/main.d" -MT"src/main.d" -o"src/main.o" "../src/main.c"
Finished building: ../src/main.c
 
Building target: CG2028AssignS1AY2122.axf
Invoking: MCU Linker
arm-none-eabi-gcc -nostdlib -L"C:\Users\Jianning\Desktop\CG2028\CG2028workspace\Lib_CMSISv1p30_LPC17xx\Debug" -Xlinker --gc-sections -Xlinker -Map=CG2028AssignS1AY2122.map -mcpu=cortex-m3 -mthumb -T "CG2028AssignS1AY2122_Debug.ld" -o"CG2028AssignS1AY2122.axf"  ./src/classification.o ./src/cr_startup_lpc17.o ./src/main.o   -lCMSISv1p30_LPC17xx
Finished building target: CG2028AssignS1AY2122.axf
 
make --no-print-directory post-build
Performing post-build steps
arm-none-eabi-size CG2028AssignS1AY2122.axf; # arm-none-eabi-objcopy -O ihex CG2028AssignS1AY2122.axf CG2028AssignS1AY2122.hex ;
   text	   data	    bss	    dec	    hex	filename
  12488	      0	    336	  12824	   3218	CG2028AssignS1AY2122.axf
 
16:57:50 **** Incremental Build of configuration Debug for project Lib_CMSISv1p30_LPC17xx ****
make all 
make: Nothing to be done for `all'.
16:57:53 **** Incremental Build of configuration Debug for project CG2028AssignS1AY2122 ****
make all 
Building file: ../src/classification.s
Invoking: MCU Assembler
arm-none-eabi-gcc -c -x assembler-with-cpp -DDEBUG -D__CODE_RED -D__REDLIB__ -g3 -mcpu=cortex-m3 -mthumb -o"src/classification.o" "../src/classification.s"
Finished building: ../src/classification.s
 
Building target: CG2028AssignS1AY2122.axf
Invoking: MCU Linker
arm-none-eabi-gcc -nostdlib -L"C:\Users\Jianning\Desktop\CG2028\CG2028workspace\Lib_CMSISv1p30_LPC17xx\Debug" -Xlinker --gc-sections -Xlinker -Map=CG2028AssignS1AY2122.map -mcpu=cortex-m3 -mthumb -T "CG2028AssignS1AY2122_Debug.ld" -o"CG2028AssignS1AY2122.axf"  ./src/classification.o ./src/cr_startup_lpc17.o ./src/main.o   -lCMSISv1p30_LPC17xx
Finished building target: CG2028AssignS1AY2122.axf
 
make --no-print-directory post-build
Performing post-build steps
arm-none-eabi-size CG2028AssignS1AY2122.axf; # arm-none-eabi-objcopy -O ihex CG2028AssignS1AY2122.axf CG2028AssignS1AY2122.hex ;
   text	   data	    bss	    dec	    hex	filename
  12488	      0	    336	  12824	   3218	CG2028AssignS1AY2122.axf
 
15:17:21 **** Build of configuration Debug for project Lib_CMSISv1p30_LPC17xx ****
make all 
make: Nothing to be done for `all'.
15:17:23 **** Build of configuration Debug for project CG2028AssignS1AY2122 ****
make all 
Building file: ../src/classification.s
Invoking: MCU Assembler
arm-none-eabi-gcc -c -x assembler-with-cpp -DDEBUG -D__CODE_RED -D__REDLIB__ -g3 -mcpu=cortex-m3 -mthumb -o"src/classification.o" "../src/classification.s"
Finished building: ../src/classification.s
 
Building target: CG2028AssignS1AY2122.axf
Invoking: MCU Linker
arm-none-eabi-gcc -nostdlib -L"C:\Users\Jianning\Desktop\CG2028\CG2028workspace\Lib_CMSISv1p30_LPC17xx\Debug" -Xlinker --gc-sections -Xlinker -Map=CG2028AssignS1AY2122.map -mcpu=cortex-m3 -mthumb -T "CG2028AssignS1AY2122_Debug.ld" -o"CG2028AssignS1AY2122.axf"  ./src/classification.o ./src/cr_startup_lpc17.o ./src/main.o   -lCMSISv1p30_LPC17xx
Finished building target: CG2028AssignS1AY2122.axf
 
make --no-print-directory post-build
Performing post-build steps
arm-none-eabi-size CG2028AssignS1AY2122.axf; # arm-none-eabi-objcopy -O ihex CG2028AssignS1AY2122.axf CG2028AssignS1AY2122.hex ;
   text	   data	    bss	    dec	    hex	filename
  12488	      0	    336	  12824	   3218	CG2028AssignS1AY2122.axf
 
15:17:27 **** Incremental Build of configuration Debug for project Lib_CMSISv1p30_LPC17xx ****
make all 
make: Nothing to be done for `all'.
15:17:29 **** Incremental Build of configuration Debug for project CG2028AssignS1AY2122 ****
make all 
make: Nothing to be done for `all'.
15:17:41 **** Incremental Build of configuration Debug for project Lib_CMSISv1p30_LPC17xx ****
make all 
make: Nothing to be done for `all'.
15:17:43 **** Incremental Build of configuration Debug for project CG2028AssignS1AY2122 ****
make all 
make: Nothing to be done for `all'.
15:17:46 **** Incremental Build of configuration Debug for project Lib_CMSISv1p30_LPC17xx ****
make all 
make: Nothing to be done for `all'.
15:17:48 **** Incremental Build of configuration Debug for project CG2028AssignS1AY2122 ****
make all 
make: Nothing to be done for `all'.
15:18:02 **** Incremental Build of configuration Debug for project Lib_CMSISv1p30_LPC17xx ****
make all 
make: Nothing to be done for `all'.
15:18:04 **** Incremental Build of configuration Debug for project CG2028AssignS1AY2122 ****
make all 
make: Nothing to be done for `all'.
14:36:52 **** Incremental Build of configuration Debug for project Lib_CMSISv1p30_LPC17xx ****
make all 
make: Nothing to be done for `all'.
14:36:54 **** Incremental Build of configuration Debug for project CG2028AssignS1AY2122 ****
make all 
make: Nothing to be done for `all'.
14:36:55 **** Incremental Build of configuration Debug for project Lib_CMSISv1p30_LPC17xx ****
make all 
make: Nothing to be done for `all'.
14:36:56 **** Incremental Build of configuration Debug for project CG2028AssignS1AY2122 ****
make all 
make: Nothing to be done for `all'.
14:37:36 **** Incremental Build of configuration Debug for project Lib_CMSISv1p30_LPC17xx ****
make all 
make: Nothing to be done for `all'.
14:37:38 **** Incremental Build of configuration Debug for project CG2028AssignS1AY2122 ****
make all 
make: Nothing to be done for `all'.
14:40:04 **** Incremental Build of configuration Debug for project Lib_CMSISv1p30_LPC17xx ****
make all 
make: Nothing to be done for `all'.
14:40:05 **** Incremental Build of configuration Debug for project CG2028AssignS1AY2122 ****
make all 
Building file: ../src/classification.s
Invoking: MCU Assembler
arm-none-eabi-gcc -c -x assembler-with-cpp -DDEBUG -D__CODE_RED -D__REDLIB__ -g3 -mcpu=cortex-m3 -mthumb -o"src/classification.o" "../src/classification.s"
Finished building: ../src/classification.s
 
Building target: CG2028AssignS1AY2122.axf
Invoking: MCU Linker
arm-none-eabi-gcc -nostdlib -L"C:\Users\Jianning\Desktop\CG2028\CG2028workspace\Lib_CMSISv1p30_LPC17xx\Debug" -Xlinker --gc-sections -Xlinker -Map=CG2028AssignS1AY2122.map -mcpu=cortex-m3 -mthumb -T "CG2028AssignS1AY2122_Debug.ld" -o"CG2028AssignS1AY2122.axf"  ./src/classification.o ./src/cr_startup_lpc17.o ./src/main.o   -lCMSISv1p30_LPC17xx
Finished building target: CG2028AssignS1AY2122.axf
 
make --no-print-directory post-build
Performing post-build steps
arm-none-eabi-size CG2028AssignS1AY2122.axf; # arm-none-eabi-objcopy -O ihex CG2028AssignS1AY2122.axf CG2028AssignS1AY2122.hex ;
   text	   data	    bss	    dec	    hex	filename
  12488	      0	    336	  12824	   3218	CG2028AssignS1AY2122.axf
 
14:42:27 **** Incremental Build of configuration Debug for project Lib_CMSISv1p30_LPC17xx ****
make all 
make: Nothing to be done for `all'.
14:42:29 **** Incremental Build of configuration Debug for project CG2028AssignS1AY2122 ****
make all 
make: Nothing to be done for `all'.
14:42:31 **** Incremental Build of configuration Debug for project Lib_CMSISv1p30_LPC17xx ****
make all 
make: Nothing to be done for `all'.
14:42:33 **** Incremental Build of configuration Debug for project CG2028AssignS1AY2122 ****
make all 
make: Nothing to be done for `all'.
14:48:12 **** Incremental Build of configuration Debug for project Lib_CMSISv1p30_LPC17xx ****
make all 
make: Nothing to be done for `all'.
14:48:14 **** Incremental Build of configuration Debug for project CG2028AssignS1AY2122 ****
make all 
Building file: ../src/main.c
Invoking: MCU C Compiler
arm-none-eabi-gcc -DDEBUG -D__CODE_RED -D__REDLIB__ -D__USE_CMSIS=CMSISv1p30_LPC17xx -I"C:\Users\Jianning\Desktop\CG2028\CG2028workspace\Lib_CMSISv1p30_LPC17xx\inc" -O0 -g3 -Wall -c -fmessage-length=0 -fno-builtin -ffunction-sections -Wa,-ahlnds=main.asm -mcpu=cortex-m3 -mthumb -MMD -MP -MF"src/main.d" -MT"src/main.d" -o"src/main.o" "../src/main.c"
Finished building: ../src/main.c
 
Building target: CG2028AssignS1AY2122.axf
Invoking: MCU Linker
arm-none-eabi-gcc -nostdlib -L"C:\Users\Jianning\Desktop\CG2028\CG2028workspace\Lib_CMSISv1p30_LPC17xx\Debug" -Xlinker --gc-sections -Xlinker -Map=CG2028AssignS1AY2122.map -mcpu=cortex-m3 -mthumb -T "CG2028AssignS1AY2122_Debug.ld" -o"CG2028AssignS1AY2122.axf"  ./src/classification.o ./src/cr_startup_lpc17.o ./src/main.o   -lCMSISv1p30_LPC17xx
Finished building target: CG2028AssignS1AY2122.axf
 
make --no-print-directory post-build
Performing post-build steps
arm-none-eabi-size CG2028AssignS1AY2122.axf; # arm-none-eabi-objcopy -O ihex CG2028AssignS1AY2122.axf CG2028AssignS1AY2122.hex ;
   text	   data	    bss	    dec	    hex	filename
  12488	      0	    336	  12824	   3218	CG2028AssignS1AY2122.axf
 
14:48:15 **** Incremental Build of configuration Debug for project Lib_CMSISv1p30_LPC17xx ****
make all 
make: Nothing to be done for `all'.
14:48:17 **** Incremental Build of configuration Debug for project CG2028AssignS1AY2122 ****
make all 
make: Nothing to be done for `all'.
14:48:42 **** Incremental Build of configuration Debug for project Lib_CMSISv1p30_LPC17xx ****
make all 
make: Nothing to be done for `all'.
14:48:44 **** Incremental Build of configuration Debug for project CG2028AssignS1AY2122 ****
make all 
Building file: ../src/main.c
Invoking: MCU C Compiler
arm-none-eabi-gcc -DDEBUG -D__CODE_RED -D__REDLIB__ -D__USE_CMSIS=CMSISv1p30_LPC17xx -I"C:\Users\Jianning\Desktop\CG2028\CG2028workspace\Lib_CMSISv1p30_LPC17xx\inc" -O0 -g3 -Wall -c -fmessage-length=0 -fno-builtin -ffunction-sections -Wa,-ahlnds=main.asm -mcpu=cortex-m3 -mthumb -MMD -MP -MF"src/main.d" -MT"src/main.d" -o"src/main.o" "../src/main.c"
Finished building: ../src/main.c
 
Building target: CG2028AssignS1AY2122.axf
Invoking: MCU Linker
arm-none-eabi-gcc -nostdlib -L"C:\Users\Jianning\Desktop\CG2028\CG2028workspace\Lib_CMSISv1p30_LPC17xx\Debug" -Xlinker --gc-sections -Xlinker -Map=CG2028AssignS1AY2122.map -mcpu=cortex-m3 -mthumb -T "CG2028AssignS1AY2122_Debug.ld" -o"CG2028AssignS1AY2122.axf"  ./src/classification.o ./src/cr_startup_lpc17.o ./src/main.o   -lCMSISv1p30_LPC17xx
Finished building target: CG2028AssignS1AY2122.axf
 
make --no-print-directory post-build
Performing post-build steps
arm-none-eabi-size CG2028AssignS1AY2122.axf; # arm-none-eabi-objcopy -O ihex CG2028AssignS1AY2122.axf CG2028AssignS1AY2122.hex ;
   text	   data	    bss	    dec	    hex	filename
  12488	      0	    336	  12824	   3218	CG2028AssignS1AY2122.axf
 
14:48:45 **** Incremental Build of configuration Debug for project Lib_CMSISv1p30_LPC17xx ****
make all 
make: Nothing to be done for `all'.
14:48:47 **** Incremental Build of configuration Debug for project CG2028AssignS1AY2122 ****
make all 
make: Nothing to be done for `all'.
15:03:11 **** Incremental Build of configuration Debug for project Lib_CMSISv1p30_LPC17xx ****
make all 
make: Nothing to be done for `all'.
15:03:12 **** Incremental Build of configuration Debug for project CG2028AssignS1AY2122 ****
make all 
Building file: ../src/classification.s
Invoking: MCU Assembler
arm-none-eabi-gcc -c -x assembler-with-cpp -DDEBUG -D__CODE_RED -D__REDLIB__ -g3 -mcpu=cortex-m3 -mthumb -o"src/classification.o" "../src/classification.s"
Finished building: ../src/classification.s
 
Building target: CG2028AssignS1AY2122.axf
Invoking: MCU Linker
arm-none-eabi-gcc -nostdlib -L"C:\Users\Jianning\Desktop\CG2028\CG2028workspace\Lib_CMSISv1p30_LPC17xx\Debug" -Xlinker --gc-sections -Xlinker -Map=CG2028AssignS1AY2122.map -mcpu=cortex-m3 -mthumb -T "CG2028AssignS1AY2122_Debug.ld" -o"CG2028AssignS1AY2122.axf"  ./src/classification.o ./src/cr_startup_lpc17.o ./src/main.o   -lCMSISv1p30_LPC17xx
Finished building target: CG2028AssignS1AY2122.axf
 
make --no-print-directory post-build
Performing post-build steps
arm-none-eabi-size CG2028AssignS1AY2122.axf; # arm-none-eabi-objcopy -O ihex CG2028AssignS1AY2122.axf CG2028AssignS1AY2122.hex ;
   text	   data	    bss	    dec	    hex	filename
  12488	      0	    336	  12824	   3218	CG2028AssignS1AY2122.axf
 
15:18:07 **** Incremental Build of configuration Debug for project Lib_CMSISv1p30_LPC17xx ****
make all 
make: Nothing to be done for `all'.
15:18:10 **** Incremental Build of configuration Debug for project CG2028AssignS1AY2122 ****
make all 
make: Nothing to be done for `all'.
15:18:11 **** Incremental Build of configuration Debug for project Lib_CMSISv1p30_LPC17xx ****
make all 
make: Nothing to be done for `all'.
15:18:14 **** Incremental Build of configuration Debug for project CG2028AssignS1AY2122 ****
make all 
make: Nothing to be done for `all'.
