09:03:35 **** Build of configuration Debug for project LPC1769_plainC_blinky ****
make all 
Building file: ../src/cr_startup_lpc176x.c
Invoking: MCU C Compiler
arm-none-eabi-gcc -DDEBUG -D__REDLIB__ -O0 -Os -g3 -Wall -c -fmessage-length=0 -fno-builtin -ffunction-sections -fdata-sections -mcpu=cortex-m3 -mthumb -MMD -MP -MF"src/cr_startup_lpc176x.d" -MT"src/cr_startup_lpc176x.d" -o "src/cr_startup_lpc176x.o" "../src/cr_startup_lpc176x.c"
Finished building: ../src/cr_startup_lpc176x.c
 
Building file: ../src/main.c
Invoking: MCU C Compiler
arm-none-eabi-gcc -DDEBUG -D__REDLIB__ -O0 -g3 -Wall -c -fmessage-length=0 -fno-builtin -ffunction-sections -fdata-sections -mcpu=cortex-m3 -mthumb -MMD -MP -MF"src/main.d" -MT"src/main.d" -o "src/main.o" "../src/main.c"
Finished building: ../src/main.c
 
Building target: LPC1769_plainC_blinky.axf
Invoking: MCU Linker
arm-none-eabi-gcc -nostdlib -Xlinker -Map=LPC1769_plainC_blinky.map -Xlinker --gc-sections -mcpu=cortex-m3 -mthumb -T "LPC1769_plainC_blinky_Debug.ld" -o "LPC1769_plainC_blinky.axf"  ./src/cr_startup_lpc176x.o ./src/main.o   
Finished building target: LPC1769_plainC_blinky.axf
 
make --no-print-directory post-build
Performing post-build steps
arm-none-eabi-size LPC1769_plainC_blinky.axf; # arm-none-eabi-objcopy -O binary LPC1769_plainC_blinky.axf LPC1769_plainC_blinky.bin ; checksum -d LPC1769_plainC_blinky.bin;
   text	   data	    bss	    dec	    hex	filename
   2272	      0	    336	   2608	    a30	LPC1769_plainC_blinky.axf
 

09:03:36 Build Finished (took 880ms)

